Component: ARM Compiler 5.06 update 5 (build 528) Tool: armlink [4d35e2]

==============================================================================

Section Cross References

    main.o(i.VADC0_C0_0_IRQHandler) refers to dflti.o(.text) for __aeabi_ui2d
    main.o(i.VADC0_C0_0_IRQHandler) refers to ddiv.o(.text) for __aeabi_ddiv
    main.o(i.VADC0_C0_0_IRQHandler) refers to d2f.o(.text) for __aeabi_d2f
    main.o(i.VADC0_C0_0_IRQHandler) refers to main.o(.data) for result
    main.o(i.main) refers to dave.o(i.DAVE_Init) for DAVE_Init
    main.o(i.main) refers to adc_measurement.o(i.ADC_MEASUREMENT_StartConversion) for ADC_MEASUREMENT_StartConversion
    main.o(i.main) refers to flef.o(x$fpl$fleqf) for __aeabi_cfcmple
    main.o(i.main) refers to pwm.o(i.PWM_SetDutyCycle) for PWM_SetDutyCycle
    main.o(i.main) refers to frlef.o(x$fpl$frleqf) for __aeabi_cfrcmple
    main.o(i.main) refers to adc_measurement_conf.o(.data) for ADCMEASURE
    main.o(i.main) refers to main.o(.data) for range
    main.o(i.main) refers to pwm_conf.o(.data) for LED
    adc_measurement.o(i.ADC_MEASUREMENT_Init) refers to global_adc.o(i.GLOBAL_ADC_Init) for GLOBAL_ADC_Init
    adc_measurement.o(i.ADC_MEASUREMENT_Init) refers to xmc_vadc.o(i.XMC_VADC_GLOBAL_InputClassInit) for XMC_VADC_GLOBAL_InputClassInit
    adc_measurement.o(i.ADC_MEASUREMENT_Init) refers to xmc_vadc.o(i.XMC_VADC_GLOBAL_BackgroundInit) for XMC_VADC_GLOBAL_BackgroundInit
    adc_measurement.o(i.ADC_MEASUREMENT_Init) refers to xmc_vadc.o(i.XMC_VADC_GLOBAL_SetResultEventInterruptNode) for XMC_VADC_GLOBAL_SetResultEventInterruptNode
    adc_measurement.o(i.ADC_MEASUREMENT_Init) refers to adc_measurement.o(i.__NVIC_SetPriority) for __NVIC_SetPriority
    adc_measurement.o(i.ADC_MEASUREMENT_Init) refers to adc_measurement.o(i.XMC_VADC_GLOBAL_BackgroundTriggerConversion) for XMC_VADC_GLOBAL_BackgroundTriggerConversion
    adc_measurement.o(i.ADC_MEASUREMENT_StartConversion) refers to adc_measurement.o(i.XMC_VADC_GLOBAL_BackgroundTriggerConversion) for XMC_VADC_GLOBAL_BackgroundTriggerConversion
    adc_measurement_conf.o(.data) refers to adc_measurement_conf.o(.constdata) for backgnd_config
    adc_measurement_conf.o(.data) refers to global_adc_conf.o(.data) for GLOBAL_ADC_0
    clock_xmc1.o(i.CLOCK_XMC1_SetMCLKFrequency) refers to xmc1_scu.o(i.XMC_SCU_CLOCK_SetMCLKFrequency) for XMC_SCU_CLOCK_SetMCLKFrequency
    clock_xmc1_conf.o(i.SystemCoreClockSetup) refers to xmc1_scu.o(i.XMC_SCU_CLOCK_Init) for XMC_SCU_CLOCK_Init
    clock_xmc1_conf.o(i.SystemCoreClockSetup) refers to clock_xmc1_conf.o(.constdata) for .constdata
    dave.o(i.DAVE_Init) refers to clock_xmc1.o(i.CLOCK_XMC1_Init) for CLOCK_XMC1_Init
    dave.o(i.DAVE_Init) refers to pwm.o(i.PWM_Init) for PWM_Init
    dave.o(i.DAVE_Init) refers to watchdog.o(i.WATCHDOG_Init) for WATCHDOG_Init
    dave.o(i.DAVE_Init) refers to adc_measurement.o(i.ADC_MEASUREMENT_Init) for ADC_MEASUREMENT_Init
    dave.o(i.DAVE_Init) refers to clock_xmc1_conf.o(.data) for CLOCK_XMC1_0
    dave.o(i.DAVE_Init) refers to pwm_conf.o(.data) for LED
    dave.o(i.DAVE_Init) refers to watchdog_conf.o(.data) for WATCHDOG_0
    dave.o(i.DAVE_Init) refers to adc_measurement_conf.o(.data) for ADCMEASURE
    global_adc.o(i.GLOBAL_ADC_Init) refers to xmc_vadc.o(i.XMC_VADC_GLOBAL_Init) for XMC_VADC_GLOBAL_Init
    global_adc.o(i.GLOBAL_ADC_Init) refers to xmc_vadc.o(i.XMC_VADC_GLOBAL_StartupCalibration) for XMC_VADC_GLOBAL_StartupCalibration
    global_adc_conf.o(.data) refers to global_adc_conf.o(.constdata) for global_config
    global_ccu4.o(i.GLOBAL_CCU4_Init) refers to xmc_ccu4.o(i.XMC_CCU4_Init) for XMC_CCU4_Init
    global_scu_xmc1.o(i.GLOBAL_SCU_XMC1_Init) refers to global_scu_xmc1.o(i.__NVIC_SetPriority) for __NVIC_SetPriority
    global_scu_xmc1.o(i.GLOBAL_SCU_XMC1_Init) refers to global_scu_xmc1.o(i.__NVIC_EnableIRQ) for __NVIC_EnableIRQ
    global_scu_xmc1.o(i.GLOBAL_SCU_XMC1_RegisterCallback) refers to xmc1_scu.o(i.XMC_SCU_INTERRUPT_SetEventHandler) for XMC_SCU_INTERRUPT_SetEventHandler
    global_scu_xmc1.o(i.SCU_0_IRQHandler) refers to xmc1_scu.o(i.XMC_SCU_IRQHandler) for XMC_SCU_IRQHandler
    global_scu_xmc1.o(i.SCU_1_IRQHandler) refers to xmc1_scu.o(i.XMC_SCU_IRQHandler) for XMC_SCU_IRQHandler
    global_scu_xmc1.o(i.SCU_2_IRQHandler) refers to xmc1_scu.o(i.XMC_SCU_IRQHandler) for XMC_SCU_IRQHandler
    global_scu_xmc1_conf.o(.data) refers to global_scu_xmc1_conf.o(.constdata) for GLOBAL_SCU_XMC1_0_config
    pwm.o(i.PWM_Init) refers to pwm.o(i.PWM_lCCU4_Init) for PWM_lCCU4_Init
    pwm.o(i.PWM_SetDutyCycle) refers to pwm.o(i.PWM_lCCU4_SetDutyCycle) for PWM_lCCU4_SetDutyCycle
    pwm.o(i.PWM_SetFreq) refers to pwm.o(i.PWM_lCCU4_SetFreq) for PWM_lCCU4_SetFreq
    pwm.o(i.PWM_SetFreqAndDutyCycle) refers to pwm.o(i.PWM_lCCU4_SetFreqAndDutyCycle) for PWM_lCCU4_SetFreqAndDutyCycle
    pwm.o(i.PWM_SetPassiveLevel) refers to xmc_ccu4.o(i.XMC_CCU4_SLICE_SetPassiveLevel) for XMC_CCU4_SLICE_SetPassiveLevel
[...]
    Removing xmc_common.o(i.XMC_LIST_Add), (30 bytes).
    Removing xmc_common.o(i.XMC_LIST_GetHead), (6 bytes).
    Removing xmc_common.o(i.XMC_LIST_GetTail), (26 bytes).
    Removing xmc_common.o(i.XMC_LIST_Init), (6 bytes).
    Removing xmc_common.o(i.XMC_LIST_Insert), (20 bytes).
    Removing xmc_common.o(i.XMC_LIST_Remove), (54 bytes).
    Removing xmc_common.o(i.XMC_PRIOARRAY_Add), (110 bytes).
    Removing xmc_common.o(i.XMC_PRIOARRAY_Init), (84 bytes).
    Removing xmc_common.o(i.XMC_PRIOARRAY_Remove), (44 bytes).
    Removing xmc_eru.o(.rev16_text), (4 bytes).
    Removing xmc_eru.o(.revsh_text), (4 bytes).
    Removing xmc_eru.o(i.XMC_ERU_ETL_DisableOutputTrigger), (24 bytes).
    Removing xmc_eru.o(i.XMC_ERU_ETL_EnableOutputTrigger), (54 bytes).
    Removing xmc_eru.o(i.XMC_ERU_ETL_GetEdgeDetection), (16 bytes).
    Removing xmc_eru.o(i.XMC_ERU_ETL_Init), (46 bytes).
    Removing xmc_eru.o(i.XMC_ERU_ETL_SetEdgeDetection), (32 bytes).
    Removing xmc_eru.o(i.XMC_ERU_ETL_SetInput), (26 bytes).
    Removing xmc_eru.o(i.XMC_ERU_ETL_SetSource), (36 bytes).
    Removing xmc_eru.o(i.XMC_ERU_ETL_SetStatusFlagMode), (32 bytes).
    Removing xmc_eru.o(i.XMC_ERU_OGU_DisablePatternDetection), (24 bytes).
    Removing xmc_eru.o(i.XMC_ERU_OGU_DisablePeripheralTrigger), (24 bytes).
    Removing xmc_eru.o(i.XMC_ERU_OGU_EnablePatternDetection), (58 bytes).
    Removing xmc_eru.o(i.XMC_ERU_OGU_EnablePeripheralTrigger), (30 bytes).
    Removing xmc_eru.o(i.XMC_ERU_OGU_Init), (26 bytes).
    Removing xmc_eru.o(i.XMC_ERU_OGU_SetServiceRequestMode), (32 bytes).
    Removing xmc_gpio.o(.rev16_text), (4 bytes).
    Removing xmc_gpio.o(.revsh_text), (4 bytes).
    Removing xmc_gpio.o(i.XMC_GPIO_SetHardwareControl), (28 bytes).
    Removing xmc_gpio.o(i.XMC_GPIO_SetMode), (64 bytes).
    Removing xmc_i2c.o(.rev16_text), (4 bytes).
    Removing xmc_i2c.o(.revsh_text), (4 bytes).
    Removing xmc_i2c.o(i.XMC_I2C_CH_ClearStatusFlag), (8 bytes).
    Removing xmc_i2c.o(i.XMC_I2C_CH_DisableEvent), (28 bytes).
    Removing xmc_i2c.o(i.XMC_I2C_CH_EnableEvent), (28 bytes).
    Removing xmc_i2c.o(i.XMC_I2C_CH_GetReceivedData), (34 bytes).
    Removing xmc_i2c.o(i.XMC_I2C_CH_GetSlaveAddress), (36 bytes).
    Removing xmc_i2c.o(i.XMC_I2C_CH_Init), (56 bytes).
    Removing xmc_i2c.o(i.XMC_I2C_CH_MasterReceiveAck), (64 bytes).
    Removing xmc_i2c.o(i.XMC_I2C_CH_MasterReceiveNack), (62 bytes).
    Removing xmc_i2c.o(i.XMC_I2C_CH_MasterRepeatedStart), (76 bytes).
    Removing xmc_i2c.o(i.XMC_I2C_CH_MasterStart), (76 bytes).
    Removing xmc_i2c.o(i.XMC_I2C_CH_MasterStop), (62 bytes).
    Removing xmc_i2c.o(i.XMC_I2C_CH_MasterTransmit), (58 bytes).
    Removing xmc_i2c.o(i.XMC_I2C_CH_SetBaudrate), (88 bytes).
    Removing xmc_i2c.o(i.XMC_I2C_CH_SetSlaveAddress), (38 bytes).
    Removing xmc_i2c.o(i.XMC_I2C_CH_SlaveTransmit), (70 bytes).
    Removing xmc_i2c.o(i.XMC_I2C_CH_Stop), (44 bytes).
    Removing xmc_i2c.o(i.XMC_USIC_CH_GetTransmitBufferStatus), (10 bytes).
    Removing xmc_i2s.o(.rev16_text), (4 bytes).
    Removing xmc_i2s.o(.revsh_text), (4 bytes).
    Removing xmc_i2s.o(i.XMC_I2S_CH_DisableEvent), (32 bytes).
    Removing xmc_i2s.o(i.XMC_I2S_CH_EnableEvent), (32 bytes).
    Removing xmc_i2s.o(i.XMC_I2S_CH_GetReceivedData), (34 bytes).
    Removing xmc_i2s.o(i.XMC_I2S_CH_Init), (110 bytes).
    Removing xmc_i2s.o(i.XMC_I2S_CH_SetBaudrate), (52 bytes).
    Removing xmc_i2s.o(i.XMC_I2S_CH_SetSystemWordLength), (116 bytes).
    Removing xmc_i2s.o(i.XMC_I2S_CH_Stop), (44 bytes).
    Removing xmc_i2s.o(i.XMC_I2S_CH_Transmit), (70 bytes).
    Removing xmc_i2s.o(i.XMC_USIC_CH_GetTransmitBufferStatus), (10 bytes).
    Removing xmc_ledts.o(.rev16_text), (4 bytes).
    Removing xmc_ledts.o(.revsh_text), (4 bytes).
    Removing xmc_math.o(.rev16_text), (4 bytes).
    Removing xmc_math.o(.revsh_text), (4 bytes).
    Removing xmc_pau.o(.rev16_text), (4 bytes).
    Removing xmc_pau.o(.revsh_text), (4 bytes).
    Removing xmc_pau.o(i.XMC_PAU_DisablePeripheralAccess), (28 bytes).
    Removing xmc_pau.o(i.XMC_PAU_EnablePeripheralAccess), (28 bytes).
    Removing xmc_pau.o(i.XMC_PAU_IsPeripheralAccessEnabled), (32 bytes).
    Removing xmc_pau.o(i.XMC_PAU_IsPeripheralAvailable), (32 bytes).
    Removing xmc_posif.o(.rev16_text), (4 bytes).
    Removing xmc_posif.o(.revsh_text), (4 bytes).
    Removing xmc_prng.o(.rev16_text), (4 bytes).
    Removing xmc_prng.o(.revsh_text), (4 bytes).
    Removing xmc_prng.o(i.XMC_PRNG_Init), (144 bytes).
    Removing xmc_prng.o(i.XMC_PRNG_SetRandomDataBlockSize), (24 bytes).
    Removing xmc_rtc.o(.rev16_text), (4 bytes).
    Removing xmc_rtc.o(.revsh_text), (4 bytes).
    Removing xmc_rtc.o(i.XMC_RTC_GetAlarm), (20 bytes).
    Removing xmc_rtc.o(i.XMC_RTC_GetAlarmStdFormat), (76 bytes).
    Removing xmc_rtc.o(i.XMC_RTC_GetEventStatus), (12 bytes).
    Removing xmc_rtc.o(i.XMC_RTC_GetTime), (20 bytes).
    Removing xmc_rtc.o(i.XMC_RTC_GetTimeStdFormat), (84 bytes).
    Removing xmc_rtc.o(i.XMC_RTC_SetAlarm), (36 bytes).
    Removing xmc_rtc.o(i.XMC_RTC_SetAlarmStdFormat), (140 bytes).
    Removing xmc_rtc.o(i.XMC_RTC_SetPrescaler), (40 bytes).
    Removing xmc_rtc.o(i.XMC_RTC_SetTime), (36 bytes).
    Removing xmc_rtc.o(i.XMC_RTC_SetTimeStdFormat), (156 bytes).
    Removing xmc_rtc.o(i.XMC_RTC_Start), (36 bytes).
    Removing xmc_rtc.o(i.XMC_RTC_Stop), (36 bytes).
    Removing xmc_rtc.o(i.XMC_SCU_GetMirrorStatus), (12 bytes).
    Removing xmc_spi.o(.rev16_text), (4 bytes).
    Removing xmc_spi.o(.revsh_text), (4 bytes).
    Removing xmc_spi.o(i.XMC_SPI_CH_ClearStatusFlag), (8 bytes).
    Removing xmc_spi.o(i.XMC_SPI_CH_DisableEvent), (30 bytes).
    Removing xmc_spi.o(i.XMC_SPI_CH_DisableSlaveSelect), (24 bytes).
    Removing xmc_spi.o(i.XMC_SPI_CH_EnableEvent), (30 bytes).
    Removing xmc_spi.o(i.XMC_SPI_CH_EnableSlaveSelect), (18 bytes).
    Removing xmc_spi.o(i.XMC_SPI_CH_GetReceivedData), (34 bytes).
    Removing xmc_spi.o(i.XMC_SPI_CH_Init), (68 bytes).
    Removing xmc_spi.o(i.XMC_SPI_CH_SetBaudrate), (38 bytes).
    Removing xmc_spi.o(i.XMC_SPI_CH_SetInterwordDelay), (236 bytes).
    Removing xmc_spi.o(i.XMC_SPI_CH_Stop), (44 bytes).
    Removing xmc_spi.o(i.XMC_SPI_CH_Transmit), (84 bytes).
    Removing xmc_spi.o(i.XMC_USIC_CH_GetTransmitBufferStatus), (10 bytes).
    Removing xmc_uart.o(.rev16_text), (4 bytes).
    Removing xmc_uart.o(.revsh_text), (4 bytes).
    Removing xmc_uart.o(i.XMC_UART_CH_DisableEvent), (24 bytes).
    Removing xmc_uart.o(i.XMC_UART_CH_EnableEvent), (24 bytes).
    Removing xmc_uart.o(i.XMC_UART_CH_GetReceivedData), (34 bytes).
    Removing xmc_uart.o(i.XMC_UART_CH_Init), (118 bytes).
    Removing xmc_uart.o(i.XMC_UART_CH_SetBaudrate), (44 bytes).
    Removing xmc_uart.o(i.XMC_UART_CH_Stop), (56 bytes).
    Removing xmc_uart.o(i.XMC_UART_CH_Transmit), (56 bytes).
    Removing xmc_uart.o(i.XMC_USIC_CH_GetTransmitBufferStatus), (10 bytes).
    Removing xmc_usic.o(.rev16_text), (4 bytes).
    Removing xmc_usic.o(.revsh_text), (4 bytes).
    Removing xmc_usic.o(i.XMC_USIC_CH_ConfigExternalInputSignalToBRG), (76 bytes).
    Removing xmc_usic.o(i.XMC_USIC_CH_Disable), (14 bytes).
    Removing xmc_usic.o(i.XMC_USIC_CH_Enable), (60 bytes).
    Removing xmc_usic.o(i.XMC_USIC_CH_RXFIFO_Configure), (60 bytes).
    Removing xmc_usic.o(i.XMC_USIC_CH_RXFIFO_SetInterruptNodePointer), (28 bytes).
    Removing xmc_usic.o(i.XMC_USIC_CH_RXFIFO_SetSizeTriggerLimit), (46 bytes).
    Removing xmc_usic.o(i.XMC_USIC_CH_SetBaudrate), (180 bytes).
    Removing xmc_usic.o(i.XMC_USIC_CH_SetInterruptNodePointer), (20 bytes).
    Removing xmc_usic.o(i.XMC_USIC_CH_TXFIFO_Configure), (52 bytes).
    Removing xmc_usic.o(i.XMC_USIC_CH_TXFIFO_SetInterruptNodePointer), (28 bytes).
    Removing xmc_usic.o(i.XMC_USIC_CH_TXFIFO_SetSizeTriggerLimit), (46 bytes).
    Removing xmc_usic.o(i.XMC_USIC_Disable), (24 bytes).
    Removing xmc_usic.o(i.XMC_USIC_Enable), (24 bytes).
    Removing xmc_vadc.o(.rev16_text), (4 bytes).
    Removing xmc_vadc.o(.revsh_text), (4 bytes).
    Removing xmc_vadc.o(i.XMC_VADC_GLOBAL_BackgroundAbortSequence), (48 bytes).
    Removing xmc_vadc.o(i.XMC_VADC_GLOBAL_BackgroundGetNumChannelsPending), (64 bytes).
    Removing xmc_vadc.o(i.XMC_VADC_GLOBAL_BackgroundSelectGating), (36 bytes).
    Removing xmc_vadc.o(i.XMC_VADC_GLOBAL_BackgroundSelectTrigger), (36 bytes).
    Removing xmc_vadc.o(i.XMC_VADC_GLOBAL_BackgroundSelectTriggerEdge), (36 bytes).
    Removing xmc_vadc.o(i.XMC_VADC_GLOBAL_BackgroundSetReqSrcEventInterruptNode), (40 bytes).
    Removing xmc_vadc.o(i.XMC_VADC_GLOBAL_DisableModule), (10 bytes).
    Removing xmc_vadc.o(i.XMC_VADC_GLOBAL_GetCompareResult), (28 bytes).
    Removing xmc_vadc.o(i.XMC_VADC_GLOBAL_SHS_Init), (12 bytes).
    Removing xmc_vadc.o(i.XMC_VADC_GLOBAL_SHS_SetGainFactor), (86 bytes).
    Removing xmc_vadc.o(i.XMC_VADC_GLOBAL_SHS_SetSigmaDeltaLoop), (32 bytes).
    Removing xmc_vadc.o(i.XMC_VADC_GLOBAL_SetCompareValue), (42 bytes).
    Removing xmc_wdt.o(.rev16_text), (4 bytes).
    Removing xmc_wdt.o(.revsh_text), (4 bytes).
    Removing xmc_wdt.o(i.XMC_WDT_Disable), (12 bytes).
    Removing system_xmc1100.o(.rev16_text), (4 bytes).
    Removing system_xmc1100.o(.revsh_text), (4 bytes).
    Removing system_xmc1100.o(i.SystemCoreClockSetup), (56 bytes).
    Removing system_xmc1100.o(i.SystemCoreSetup), (36 bytes).

304 unused section(s) (total 9259 bytes) removed from the image.

==============================================================================

Image Symbol Table

    Local Symbols

    Symbol Name                              Value     Ov Type        Size  Object(Section)

    ../clib/angel/boardlib.s                 0x00000000   Number         0  boardinit1.o ABSOLUTE
    ../clib/angel/boardlib.s                 0x00000000   Number         0  boardshut.o ABSOLUTE
    ../clib/angel/boardlib.s                 0x00000000   Number         0  boardinit2.o ABSOLUTE
    ../clib/angel/boardlib.s                 0x00000000   Number         0  boardinit3.o ABSOLUTE
    ../clib/angel/handlers.s                 0x00000000   Number         0  __scatter_zi.o ABSOLUTE
    ../clib/angel/handlers.s                 0x00000000   Number         0  __scatter_copy.o ABSOLUTE
    ../clib/angel/kernel.s                   0x00000000   Number         0  __rtentry2.o ABSOLUTE
    ../clib/angel/kernel.s                   0x00000000   Number         0  rtexit2.o ABSOLUTE
    ../clib/angel/kernel.s                   0x00000000   Number         0  rtexit.o ABSOLUTE
    ../clib/angel/kernel.s                   0x00000000   Number         0  __rtentry.o ABSOLUTE
    ../clib/angel/kernel.s                   0x00000000   Number         0  __rtentry4.o ABSOLUTE
    ../clib/angel/rt.s                       0x00000000   Number         0  aeabi_idiv0_sigfpe.o ABSOLUTE
    ../clib/angel/rt.s                       0x00000000   Number         0  rt_div0.o ABSOLUTE
    ../clib/angel/rt.s                       0x00000000   Number         0  rt_raise.o ABSOLUTE
    ../clib/angel/rt.s                       0x00000000   Number         0  aeabi_idiv0.o ABSOLUTE
    ../clib/angel/scatterp.s                 0x00000000   Number         0  __scatter.o ABSOLUTE
    ../clib/angel/startup.s                  0x00000000   Number         0  __main.o ABSOLUTE
    ../clib/angel/sys.s                      0x00000000   Number         0  sys_stackheap_outer.o ABSOLUTE
    ../clib/angel/sys.s                      0x00000000   Number         0  use_no_semi.o ABSOLUTE
    ../clib/angel/sys.s                      0x00000000   Number         0  libspace.o ABSOLUTE
    ../clib/angel/sys.s                      0x00000000   Number         0  tempstk.o ABSOLUTE
    ../clib/angel/sys.s                      0x00000000   Number         0  indicate_semi.o ABSOLUTE
    ../clib/angel/sysapp.c                   0x00000000   Number         0  sys_command.o ABSOLUTE
    ../clib/angel/sysapp.c                   0x00000000   Number         0  sys_wrch.o ABSOLUTE
    ../clib/angel/sysapp.c                   0x00000000   Number         0  sys_exit.o ABSOLUTE
    ../clib/armsys.c                         0x00000000   Number         0  argv_veneer.o ABSOLUTE
    ../clib/armsys.c                         0x00000000   Number         0  no_argv.o ABSOLUTE
    ../clib/armsys.c                         0x00000000   Number         0  _get_argv_nomalloc.o ABSOLUTE
    ../clib/division.s                       0x00000000   Number         0  aeabi_sdiv.o ABSOLUTE
    ../clib/division.s                       0x00000000   Number         0  aeabi_sdiv_div0.o ABSOLUTE
    ../clib/heapalloc.c                      0x00000000   Number         0  hrguard.o ABSOLUTE
    ../clib/heapaux.c                        0x00000000   Number         0  heapauxi.o ABSOLUTE
    ../clib/libinit.s                        0x00000000   Number         0  libinit.o ABSOLUTE
    ../clib/libinit.s                        0x00000000   Number         0  libshutdown.o ABSOLUTE
    ../clib/libinit.s                        0x00000000   Number         0  libinit2.o ABSOLUTE
    ../clib/libinit.s                        0x00000000   Number         0  libshutdown2.o ABSOLUTE
    ../clib/signal.c                         0x00000000   Number         0  defsig_fpe_formal.o ABSOLUTE
    ../clib/signal.c                         0x00000000   Number         0  defsig_fpe_inner.o ABSOLUTE
    ../clib/signal.c                         0x00000000   Number         0  defsig_exit.o ABSOLUTE
    ../clib/signal.c                         0x00000000   Number         0  __raise.o ABSOLUTE
    ../clib/signal.c                         0x00000000   Number         0  defsig_other.o ABSOLUTE
    ../clib/signal.c                         0x00000000   Number         0  defsig_segv_inner.o ABSOLUTE
    ../clib/signal.c                         0x00000000   Number         0  defsig_cppl_inner.o ABSOLUTE
    ../clib/signal.c                         0x00000000   Number         0  defsig_pvfn_inner.o ABSOLUTE
    ../clib/signal.c                         0x00000000   Number         0  defsig_stak_inner.o ABSOLUTE
    ../clib/signal.c                         0x00000000   Number         0  defsig_rtmem_outer.o ABSOLUTE
    ../clib/signal.c                         0x00000000   Number         0  defsig_rtmem_inner.o ABSOLUTE
    ../clib/signal.c                         0x00000000   Number         0  defsig_rtred_inner.o ABSOLUTE
    ../clib/signal.c                         0x00000000   Number         0  defsig_abrt_inner.o ABSOLUTE
    ../clib/signal.c                         0x00000000   Number         0  defsig_rtmem_formal.o ABSOLUTE
    ../clib/signal.c                         0x00000000   Number         0  defsig_general.o ABSOLUTE
    ../clib/signal.c                         0x00000000   Number         0  defsig_fpe_outer.o ABSOLUTE
    ../clib/signal.s                         0x00000000   Number         0  defsig.o ABSOLUTE
    ../clib/stdlib.c                         0x00000000   Number         0  exit.o ABSOLUTE
    ../fplib/cfplib/cmpret.c                 0x00000000   Number         0  cmpret.o ABSOLUTE
    ../fplib/cfplib/d2f.c                    0x00000000   Number         0  d2f.o ABSOLUTE
    ../fplib/cfplib/ddiv.c                   0x00000000   Number         0  ddiv.o ABSOLUTE
    ../fplib/cfplib/fcmpin.c                 0x00000000   Number         0  fcmpin.o ABSOLUTE
    ../fplib/cfplib/fflt.c                   0x00000000   Number         0  dflti.o ABSOLUTE
    ../fplib/cfplib/fpinit.c                 0x00000000   Number         0  fpinit.o ABSOLUTE
    ../fplib/cfplib/nan2.c                   0x00000000   Number         0  fnan2.o ABSOLUTE
    ../fplib/cfplib/retnan.c                 0x00000000   Number         0  retnan.o ABSOLUTE
    ../fplib/fleqf6m.s                       0x00000000   Number         0  flef.o ABSOLUTE
    ../fplib/frleqf6m.s                      0x00000000   Number         0  frlef.o ABSOLUTE
    ../fplib/usenofp.s                       0x00000000   Number         0  usenofp.o ABSOLUTE
    C:\Keil_v5\ARM\PACK\Infineon\XMC1000_DFP\2.7.1\Device\XMClib\src\xmc1_eru.c 0x00000000   Number         0  xmc1_eru.o ABSOLUTE
    C:\Keil_v5\ARM\PACK\Infineon\XMC1000_DFP\2.7.1\Device\XMClib\src\xmc1_flash.c 0x00000000   Number         0  xmc1_flash.o ABSOLUTE
    C:\Keil_v5\ARM\PACK\Infineon\XMC1000_DFP\2.7.1\Device\XMClib\src\xmc1_gpio.c 0x00000000   Number         0  xmc1_gpio.o ABSOLUTE
    C:\Keil_v5\ARM\PACK\Infineon\XMC1000_DFP\2.7.1\Device\XMClib\src\xmc1_rtc.c 0x00000000   Number         0  xmc1_rtc.o ABSOLUTE
    C:\Keil_v5\ARM\PACK\Infineon\XMC1000_DFP\2.7.1\Device\XMClib\src\xmc1_scu.c 0x00000000   Number         0  xmc1_scu.o ABSOLUTE
    C:\Keil_v5\ARM\PACK\Infineon\XMC1000_DFP\2.7.1\Device\XMClib\src\xmc_acmp.c 0x00000000   Number         0  xmc_acmp.o ABSOLUTE
    C:\Keil_v5\ARM\PACK\Infineon\XMC1000_DFP\2.7.1\Device\XMClib\src\xmc_bccu.c 0x00000000   Number         0  xmc_bccu.o ABSOLUTE
    C:\Keil_v5\ARM\PACK\Infineon\XMC1000_DFP\2.7.1\Device\XMClib\src\xmc_can.c 0x00000000   Number         0  xmc_can.o ABSOLUTE
    C:\Keil_v5\ARM\PACK\Infineon\XMC1000_DFP\2.7.1\Device\XMClib\src\xmc_ccu4.c 0x00000000   Number         0  xmc_ccu4.o ABSOLUTE
    C:\Keil_v5\ARM\PACK\Infineon\XMC1000_DFP\2.7.1\Device\XMClib\src\xmc_ccu8.c 0x00000000   Number         0  xmc_ccu8.o ABSOLUTE
    C:\Keil_v5\ARM\PACK\Infineon\XMC1000_DFP\2.7.1\Device\XMClib\src\xmc_common.c 0x00000000   Number         0  xmc_common.o ABSOLUTE
    C:\Keil_v5\ARM\PACK\Infineon\XMC1000_DFP\2.7.1\Device\XMClib\src\xmc_eru.c 0x00000000   Number         0  xmc_eru.o ABSOLUTE
    C:\Keil_v5\ARM\PACK\Infineon\XMC1000_DFP\2.7.1\Device\XMClib\src\xmc_gpio.c 0x00000000   Number         0  xmc_gpio.o ABSOLUTE
    C:\Keil_v5\ARM\PACK\Infineon\XMC1000_DFP\2.7.1\Device\XMClib\src\xmc_i2c.c 0x00000000   Number         0  xmc_i2c.o ABSOLUTE
    C:\Keil_v5\ARM\PACK\Infineon\XMC1000_DFP\2.7.1\Device\XMClib\src\xmc_i2s.c 0x00000000   Number         0  xmc_i2s.o ABSOLUTE
    C:\Keil_v5\ARM\PACK\Infineon\XMC1000_DFP\2.7.1\Device\XMClib\src\xmc_ledts.c 0x00000000   Number         0  xmc_ledts.o ABSOLUTE
    C:\Keil_v5\ARM\PACK\Infineon\XMC1000_DFP\2.7.1\Device\XMClib\src\xmc_math.c 0x00000000   Number         0  xmc_math.o ABSOLUTE
    C:\Keil_v5\ARM\PACK\Infineon\XMC1000_DFP\2.7.1\Device\XMClib\src\xmc_pau.c 0x00000000   Number         0  xmc_pau.o ABSOLUTE
    C:\Keil_v5\ARM\PACK\Infineon\XMC1000_DFP\2.7.1\Device\XMClib\src\xmc_posif.c 0x00000000   Number         0  xmc_posif.o ABSOLUTE
    C:\Keil_v5\ARM\PACK\Infineon\XMC1000_DFP\2.7.1\Device\XMClib\src\xmc_prng.c 0x00000000   Number         0  xmc_prng.o ABSOLUTE
    C:\Keil_v5\ARM\PACK\Infineon\XMC1000_DFP\2.7.1\Device\XMClib\src\xmc_rtc.c 0x00000000   Number         0  xmc_rtc.o ABSOLUTE
    C:\Keil_v5\ARM\PACK\Infineon\XMC1000_DFP\2.7.1\Device\XMClib\src\xmc_spi.c 0x00000000   Number         0  xmc_spi.o ABSOLUTE
    C:\Keil_v5\ARM\PACK\Infineon\XMC1000_DFP\2.7.1\Device\XMClib\src\xmc_uart.c 0x00000000   Number         0  xmc_uart.o ABSOLUTE
    C:\Keil_v5\ARM\PACK\Infineon\XMC1000_DFP\2.7.1\Device\XMClib\src\xmc_usic.c 0x00000000   Number         0  xmc_usic.o ABSOLUTE
    C:\Keil_v5\ARM\PACK\Infineon\XMC1000_DFP\2.7.1\Device\XMClib\src\xmc_vadc.c 0x00000000   Number         0  xmc_vadc.o ABSOLUTE
    C:\Keil_v5\ARM\PACK\Infineon\XMC1000_DFP\2.7.1\Device\XMClib\src\xmc_wdt.c 0x00000000   Number         0  xmc_wdt.o ABSOLUTE
    C:\Workspaces\DAVE-4.3-64Bit\WS_2016_09_02\test12\Dave\Generated\ADC_MEASUREMENT\adc_measurement.c 0x00000000   Number         0  adc_measurement.o ABSOLUTE
    C:\Workspaces\DAVE-4.3-64Bit\WS_2016_09_02\test12\Dave\Generated\ADC_MEASUREMENT\adc_measurement_conf.c 0x00000000   Number         0  adc_measurement_conf.o ABSOLUTE
    C:\Workspaces\DAVE-4.3-64Bit\WS_2016_09_02\test12\Dave\Generated\CLOCK_XMC1\clock_xmc1.c 0x00000000   Number         0  clock_xmc1.o ABSOLUTE
    C:\Workspaces\DAVE-4.3-64Bit\WS_2016_09_02\test12\Dave\Generated\CLOCK_XMC1\clock_xmc1_conf.c 0x00000000   Number         0  clock_xmc1_conf.o ABSOLUTE
    C:\Workspaces\DAVE-4.3-64Bit\WS_2016_09_02\test12\Dave\Generated\CPU_CTRL_XMC1\cpu_ctrl_xmc1.c 0x00000000   Number         0  cpu_ctrl_xmc1.o ABSOLUTE
    C:\Workspaces\DAVE-4.3-64Bit\WS_2016_09_02\test12\Dave\Generated\CPU_CTRL_XMC1\cpu_ctrl_xmc1_conf.c 0x00000000   Number         0  cpu_ctrl_xmc1_conf.o ABSOLUTE
    C:\Workspaces\DAVE-4.3-64Bit\WS_2016_09_02\test12\Dave\Generated\DAVE.c 0x00000000   Number         0  dave.o ABSOLUTE
    C:\Workspaces\DAVE-4.3-64Bit\WS_2016_09_02\test12\Dave\Generated\GLOBAL_ADC\global_adc.c 0x00000000   Number         0  global_adc.o ABSOLUTE
    C:\Workspaces\DAVE-4.3-64Bit\WS_2016_09_02\test12\Dave\Generated\GLOBAL_ADC\global_adc_conf.c 0x00000000   Number         0  global_adc_conf.o ABSOLUTE
    C:\Workspaces\DAVE-4.3-64Bit\WS_2016_09_02\test12\Dave\Generated\GLOBAL_CCU4\global_ccu4.c 0x00000000   Number         0  global_ccu4.o ABSOLUTE
    C:\Workspaces\DAVE-4.3-64Bit\WS_2016_09_02\test12\Dave\Generated\GLOBAL_CCU4\global_ccu4_conf.c 0x00000000   Number         0  global_ccu4_conf.o ABSOLUTE
    C:\Workspaces\DAVE-4.3-64Bit\WS_2016_09_02\test12\Dave\Generated\GLOBAL_SCU_XMC1\global_scu_xmc1.c 0x00000000   Number         0  global_scu_xmc1.o ABSOLUTE
    C:\Workspaces\DAVE-4.3-64Bit\WS_2016_09_02\test12\Dave\Generated\GLOBAL_SCU_XMC1\global_scu_xmc1_conf.c 0x00000000   Number         0  global_scu_xmc1_conf.o ABSOLUTE
    C:\Workspaces\DAVE-4.3-64Bit\WS_2016_09_02\test12\Dave\Generated\PWM\pwm.c 0x00000000   Number         0  pwm.o ABSOLUTE
    C:\Workspaces\DAVE-4.3-64Bit\WS_2016_09_02\test12\Dave\Generated\PWM\pwm_conf.c 0x00000000   Number         0  pwm_conf.o ABSOLUTE
    C:\Workspaces\DAVE-4.3-64Bit\WS_2016_09_02\test12\Dave\Generated\WATCHDOG\watchdog.c 0x00000000   Number         0  watchdog.o ABSOLUTE
    C:\Workspaces\DAVE-4.3-64Bit\WS_2016_09_02\test12\Dave\Generated\WATCHDOG\watchdog_conf.c 0x00000000   Number         0  watchdog_conf.o ABSOLUTE
    C:\\Keil_v5\\ARM\\PACK\\Infineon\\XMC1000_DFP\\2.7.1\\Device\\XMClib\\src\\xmc1_eru.c 0x00000000   Number         0  xmc1_eru.o ABSOLUTE
    C:\\Keil_v5\\ARM\\PACK\\Infineon\\XMC1000_DFP\\2.7.1\\Device\\XMClib\\src\\xmc1_flash.c 0x00000000   Number         0  xmc1_flash.o ABSOLUTE
    C:\\Keil_v5\\ARM\\PACK\\Infineon\\XMC1000_DFP\\2.7.1\\Device\\XMClib\\src\\xmc1_gpio.c 0x00000000   Number         0  xmc1_gpio.o ABSOLUTE
    C:\\Keil_v5\\ARM\\PACK\\Infineon\\XMC1000_DFP\\2.7.1\\Device\\XMClib\\src\\xmc1_rtc.c 0x00000000   Number         0  xmc1_rtc.o ABSOLUTE
    C:\\Keil_v5\\ARM\\PACK\\Infineon\\XMC1000_DFP\\2.7.1\\Device\\XMClib\\src\\xmc1_scu.c 0x00000000   Number         0  xmc1_scu.o ABSOLUTE
    C:\\Keil_v5\\ARM\\PACK\\Infineon\\XMC1000_DFP\\2.7.1\\Device\\XMClib\\src\\xmc_acmp.c 0x00000000   Number         0  xmc_acmp.o ABSOLUTE
    C:\\Keil_v5\\ARM\\PACK\\Infineon\\XMC1000_DFP\\2.7.1\\Device\\XMClib\\src\\xmc_bccu.c 0x00000000   Number         0  xmc_bccu.o ABSOLUTE
    C:\\Keil_v5\\ARM\\PACK\\Infineon\\XMC1000_DFP\\2.7.1\\Device\\XMClib\\src\\xmc_can.c 0x00000000   Number         0  xmc_can.o ABSOLUTE
    C:\\Keil_v5\\ARM\\PACK\\Infineon\\XMC1000_DFP\\2.7.1\\Device\\XMClib\\src\\xmc_ccu4.c 0x00000000   Number         0  xmc_ccu4.o ABSOLUTE
    C:\\Keil_v5\\ARM\\PACK\\Infineon\\XMC1000_DFP\\2.7.1\\Device\\XMClib\\src\\xmc_ccu8.c 0x00000000   Number         0  xmc_ccu8.o ABSOLUTE
    C:\\Keil_v5\\ARM\\PACK\\Infineon\\XMC1000_DFP\\2.7.1\\Device\\XMClib\\src\\xmc_common.c 0x00000000   Number         0  xmc_common.o ABSOLUTE
    C:\\Keil_v5\\ARM\\PACK\\Infineon\\XMC1000_DFP\\2.7.1\\Device\\XMClib\\src\\xmc_eru.c 0x00000000   Number         0  xmc_eru.o ABSOLUTE
    C:\\Keil_v5\\ARM\\PACK\\Infineon\\XMC1000_DFP\\2.7.1\\Device\\XMClib\\src\\xmc_gpio.c 0x00000000   Number         0  xmc_gpio.o ABSOLUTE
    C:\\Keil_v5\\ARM\\PACK\\Infineon\\XMC1000_DFP\\2.7.1\\Device\\XMClib\\src\\xmc_i2c.c 0x00000000   Number         0  xmc_i2c.o ABSOLUTE
    C:\\Keil_v5\\ARM\\PACK\\Infineon\\XMC1000_DFP\\2.7.1\\Device\\XMClib\\src\\xmc_i2s.c 0x00000000   Number         0  xmc_i2s.o ABSOLUTE
    C:\\Keil_v5\\ARM\\PACK\\Infineon\\XMC1000_DFP\\2.7.1\\Device\\XMClib\\src\\xmc_ledts.c 0x00000000   Number         0  xmc_ledts.o ABSOLUTE
    C:\\Keil_v5\\ARM\\PACK\\Infineon\\XMC1000_DFP\\2.7.1\\Device\\XMClib\\src\\xmc_math.c 0x00000000   Number         0  xmc_math.o ABSOLUTE
    C:\\Keil_v5\\ARM\\PACK\\Infineon\\XMC1000_DFP\\2.7.1\\Device\\XMClib\\src\\xmc_pau.c 0x00000000   Number         0  xmc_pau.o ABSOLUTE
    C:\\Keil_v5\\ARM\\PACK\\Infineon\\XMC1000_DFP\\2.7.1\\Device\\XMClib\\src\\xmc_posif.c 0x00000000   Number         0  xmc_posif.o ABSOLUTE
    C:\\Keil_v5\\ARM\\PACK\\Infineon\\XMC1000_DFP\\2.7.1\\Device\\XMClib\\src\\xmc_prng.c 0x00000000   Number         0  xmc_prng.o ABSOLUTE
    C:\\Keil_v5\\ARM\\PACK\\Infineon\\XMC1000_DFP\\2.7.1\\Device\\XMClib\\src\\xmc_rtc.c 0x00000000   Number         0  xmc_rtc.o ABSOLUTE
    C:\\Keil_v5\\ARM\\PACK\\Infineon\\XMC1000_DFP\\2.7.1\\Device\\XMClib\\src\\xmc_spi.c 0x00000000   Number         0  xmc_spi.o ABSOLUTE
    C:\\Keil_v5\\ARM\\PACK\\Infineon\\XMC1000_DFP\\2.7.1\\Device\\XMClib\\src\\xmc_uart.c 0x00000000   Number         0  xmc_uart.o ABSOLUTE
    C:\\Keil_v5\\ARM\\PACK\\Infineon\\XMC1000_DFP\\2.7.1\\Device\\XMClib\\src\\xmc_usic.c 0x00000000   Number         0  xmc_usic.o ABSOLUTE
    C:\\Keil_v5\\ARM\\PACK\\Infineon\\XMC1000_DFP\\2.7.1\\Device\\XMClib\\src\\xmc_vadc.c 0x00000000   Number         0  xmc_vadc.o ABSOLUTE
    C:\\Keil_v5\\ARM\\PACK\\Infineon\\XMC1000_DFP\\2.7.1\\Device\\XMClib\\src\\xmc_wdt.c 0x00000000   Number         0  xmc_wdt.o ABSOLUTE
    C:\\Workspaces\\DAVE-4.3-64Bit\\WS_2016_09_02\\test12\\Dave\\Generated\\ADC_MEASUREMENT\\adc_measurement.c 0x00000000   Number         0  adc_measurement.o ABSOLUTE
    C:\\Workspaces\\DAVE-4.3-64Bit\\WS_2016_09_02\\test12\\Dave\\Generated\\ADC_MEASUREMENT\\adc_measurement_conf.c 0x00000000   Number         0  adc_measurement_conf.o ABSOLUTE
    C:\\Workspaces\\DAVE-4.3-64Bit\\WS_2016_09_02\\test12\\Dave\\Generated\\CLOCK_XMC1\\clock_xmc1.c 0x00000000   Number         0  clock_xmc1.o ABSOLUTE
    C:\\Workspaces\\DAVE-4.3-64Bit\\WS_2016_09_02\\test12\\Dave\\Generated\\CLOCK_XMC1\\clock_xmc1_conf.c 0x00000000   Number         0  clock_xmc1_conf.o ABSOLUTE
    C:\\Workspaces\\DAVE-4.3-64Bit\\WS_2016_09_02\\test12\\Dave\\Generated\\CPU_CTRL_XMC1\\cpu_ctrl_xmc1.c 0x00000000   Number         0  cpu_ctrl_xmc1.o ABSOLUTE
    C:\\Workspaces\\DAVE-4.3-64Bit\\WS_2016_09_02\\test12\\Dave\\Generated\\CPU_CTRL_XMC1\\cpu_ctrl_xmc1_conf.c 0x00000000   Number         0  cpu_ctrl_xmc1_conf.o ABSOLUTE
    C:\\Workspaces\\DAVE-4.3-64Bit\\WS_2016_09_02\\test12\\Dave\\Generated\\DAVE.c 0x00000000   Number         0  dave.o ABSOLUTE
    C:\\Workspaces\\DAVE-4.3-64Bit\\WS_2016_09_02\\test12\\Dave\\Generated\\GLOBAL_ADC\\global_adc.c 0x00000000   Number         0  global_adc.o ABSOLUTE
    C:\\Workspaces\\DAVE-4.3-64Bit\\WS_2016_09_02\\test12\\Dave\\Generated\\GLOBAL_ADC\\global_adc_conf.c 0x00000000   Number         0  global_adc_conf.o ABSOLUTE
    C:\\Workspaces\\DAVE-4.3-64Bit\\WS_2016_09_02\\test12\\Dave\\Generated\\GLOBAL_CCU4\\global_ccu4.c 0x00000000   Number         0  global_ccu4.o ABSOLUTE
    C:\\Workspaces\\DAVE-4.3-64Bit\\WS_2016_09_02\\test12\\Dave\\Generated\\GLOBAL_CCU4\\global_ccu4_conf.c 0x00000000   Number         0  global_ccu4_conf.o ABSOLUTE
    C:\\Workspaces\\DAVE-4.3-64Bit\\WS_2016_09_02\\test12\\Dave\\Generated\\GLOBAL_SCU_XMC1\\global_scu_xmc1.c 0x00000000   Number         0  global_scu_xmc1.o ABSOLUTE
    C:\\Workspaces\\DAVE-4.3-64Bit\\WS_2016_09_02\\test12\\Dave\\Generated\\GLOBAL_SCU_XMC1\\global_scu_xmc1_conf.c 0x00000000   Number         0  global_scu_xmc1_conf.o ABSOLUTE
    C:\\Workspaces\\DAVE-4.3-64Bit\\WS_2016_09_02\\test12\\Dave\\Generated\\PWM\\pwm.c 0x00000000   Number         0  pwm.o ABSOLUTE
    C:\\Workspaces\\DAVE-4.3-64Bit\\WS_2016_09_02\\test12\\Dave\\Generated\\PWM\\pwm_conf.c 0x00000000   Number         0  pwm_conf.o ABSOLUTE
    C:\\Workspaces\\DAVE-4.3-64Bit\\WS_2016_09_02\\test12\\Dave\\Generated\\WATCHDOG\\watchdog.c 0x00000000   Number         0  watchdog.o ABSOLUTE
    C:\\Workspaces\\DAVE-4.3-64Bit\\WS_2016_09_02\\test12\\Dave\\Generated\\WATCHDOG\\watchdog_conf.c 0x00000000   Number         0  watchdog_conf.o ABSOLUTE
    RTE\Device\XMC1100-Q024x0064\system_XMC1100.c 0x00000000   Number         0  system_xmc1100.o ABSOLUTE
    RTE\\Device\\XMC1100-Q024x0064\\startup_XMC1100.s 0x00000000   Number         0  startup_xmc1100.o ABSOLUTE
    RTE\\Device\\XMC1100-Q024x0064\\system_XMC1100.c 0x00000000   Number         0  system_xmc1100.o ABSOLUTE
    dc.s                                     0x00000000   Number         0  dc.o ABSOLUTE
    main.c                                   0x00000000   Number         0  main.o ABSOLUTE
    main.c                                   0x00000000   Number         0  main.o ABSOLUTE
    RESET                                    0x10001000   Section       24  startup_xmc1100.o(RESET)
    !!!main                                  0x10001018   Section        8  __main.o(!!!main)
    !!!scatter                               0x10001020   Section       60  __scatter.o(!!!scatter)
    !!handler_copy                           0x1000105c   Section       26  __scatter_copy.o(!!handler_copy)
    !!handler_zi                             0x10001078   Section       28  __scatter_zi.o(!!handler_zi)
    .ARM.Collect$$libinit$$00000000          0x10001094   Section        2  libinit.o(.ARM.Collect$$libinit$$00000000)
    .ARM.Collect$$libinit$$00000002          0x10001096   Section        0  libinit2.o(.ARM.Collect$$libinit$$00000002)
    .ARM.Collect$$libinit$$00000004          0x10001096   Section        0  libinit2.o(.ARM.Collect$$libinit$$00000004)
    .ARM.Collect$$libinit$$0000000A          0x10001096   Section        0  libinit2.o(.ARM.Collect$$libinit$$0000000A)
    .ARM.Collect$$libinit$$0000000C          0x10001096   Section        0  libinit2.o(.ARM.Collect$$libinit$$0000000C)
    .ARM.Collect$$libinit$$0000000E          0x10001096   Section        0  libinit2.o(.ARM.Collect$$libinit$$0000000E)
    .ARM.Collect$$libinit$$00000011          0x10001096   Section        0  libinit2.o(.ARM.Collect$$libinit$$00000011)
    .ARM.Collect$$libinit$$00000013          0x10001096   Section        0  libinit2.o(.ARM.Collect$$libinit$$00000013)
    .ARM.Collect$$libinit$$00000015          0x10001096   Section        0  libinit2.o(.ARM.Collect$$libinit$$00000015)
    .ARM.Collect$$libinit$$00000017          0x10001096   Section        0  libinit2.o(.ARM.Collect$$libinit$$00000017)
    .ARM.Collect$$libinit$$00000019          0x10001096   Section        0  libinit2.o(.ARM.Collect$$libinit$$00000019)
    .ARM.Collect$$libinit$$0000001B          0x10001096   Section        0  libinit2.o(.ARM.Collect$$libinit$$0000001B)
    .ARM.Collect$$libinit$$0000001D          0x10001096   Section        0  libinit2.o(.ARM.Collect$$libinit$$0000001D)
    .ARM.Collect$$libinit$$0000001F          0x10001096   Section        0  libinit2.o(.ARM.Collect$$libinit$$0000001F)
    .ARM.Collect$$libinit$$00000021          0x10001096   Section        0  libinit2.o(.ARM.Collect$$libinit$$00000021)
    .ARM.Collect$$libinit$$00000023          0x10001096   Section        0  libinit2.o(.ARM.Collect$$libinit$$00000023)
    .ARM.Collect$$libinit$$00000025          0x10001096   Section        0  libinit2.o(.ARM.Collect$$libinit$$00000025)
    .ARM.Collect$$libinit$$0000002C          0x10001096   Section        0  libinit2.o(.ARM.Collect$$libinit$$0000002C)
    .ARM.Collect$$libinit$$0000002E          0x10001096   Section        0  libinit2.o(.ARM.Collect$$libinit$$0000002E)
    .ARM.Collect$$libinit$$00000030          0x10001096   Section        0  libinit2.o(.ARM.Collect$$libinit$$00000030)
    .ARM.Collect$$libinit$$00000032          0x10001096   Section        0  libinit2.o(.ARM.Collect$$libinit$$00000032)
    .ARM.Collect$$libinit$$00000033          0x10001096   Section        2  libinit2.o(.ARM.Collect$$libinit$$00000033)
    .ARM.Collect$$libshutdown$$00000000      0x10001098   Section        2  libshutdown.o(.ARM.Collect$$libshutdown$$00000000)
    .ARM.Collect$$libshutdown$$00000002      0x1000109a   Section        0  libshutdown2.o(.ARM.Collect$$libshutdown$$00000002)
    .ARM.Collect$$libshutdown$$00000004      0x1000109a   Section        0  libshutdown2.o(.ARM.Collect$$libshutdown$$00000004)
    .ARM.Collect$$libshutdown$$00000007      0x1000109a   Section        0  libshutdown2.o(.ARM.Collect$$libshutdown$$00000007)
    .ARM.Collect$$libshutdown$$0000000A      0x1000109a   Section        0  libshutdown2.o(.ARM.Collect$$libshutdown$$0000000A)
    .ARM.Collect$$libshutdown$$0000000C      0x1000109a   Section        0  libshutdown2.o(.ARM.Collect$$libshutdown$$0000000C)
    .ARM.Collect$$libshutdown$$0000000F      0x1000109a   Section        0  libshutdown2.o(.ARM.Collect$$libshutdown$$0000000F)
    .ARM.Collect$$libshutdown$$00000010      0x1000109a   Section        2  libshutdown2.o(.ARM.Collect$$libshutdown$$00000010)
    .ARM.Collect$$rtentry$$00000000          0x1000109c   Section        0  __rtentry.o(.ARM.Collect$$rtentry$$00000000)
    .ARM.Collect$$rtentry$$00000002          0x1000109c   Section        0  __rtentry2.o(.ARM.Collect$$rtentry$$00000002)
    .ARM.Collect$$rtentry$$00000004          0x1000109c   Section        6  __rtentry4.o(.ARM.Collect$$rtentry$$00000004)
    .ARM.Collect$$rtentry$$00000009          0x100010a2   Section        0  __rtentry2.o(.ARM.Collect$$rtentry$$00000009)
    .ARM.Collect$$rtentry$$0000000A          0x100010a2   Section        4  __rtentry2.o(.ARM.Collect$$rtentry$$0000000A)
    .ARM.Collect$$rtentry$$0000000C          0x100010a6   Section        0  __rtentry2.o(.ARM.Collect$$rtentry$$0000000C)
    .ARM.Collect$$rtentry$$0000000D          0x100010a6   Section        8  __rtentry2.o(.ARM.Collect$$rtentry$$0000000D)
    .ARM.Collect$$rtexit$$00000000           0x100010ae   Section        2  rtexit.o(.ARM.Collect$$rtexit$$00000000)
    .ARM.Collect$$rtexit$$00000002           0x100010b0   Section        0  rtexit2.o(.ARM.Collect$$rtexit$$00000002)
    .ARM.Collect$$rtexit$$00000003           0x100010b0   Section        4  rtexit2.o(.ARM.Collect$$rtexit$$00000003)
    .ARM.Collect$$rtexit$$00000004           0x100010b4   Section        6  rtexit2.o(.ARM.Collect$$rtexit$$00000004)
    .text                                    0x100010bc   Section       68  startup_xmc1100.o(.text)
    .text                                    0x10001100   Section      346  aeabi_sdiv.o(.text)
    .text                                    0x1000125a   Section        0  heapauxi.o(.text)
    .text                                    0x10001260   Section        0  d2f.o(.text)
    .text                                    0x100012dc   Section        0  ddiv.o(.text)
    .text                                    0x10001724   Section        0  dflti.o(.text)
    .text                                    0x1000177c   Section        0  fcmpin.o(.text)
    .text                                    0x100017e0   Section        0  cmpret.o(.text)
    .text                                    0x10001810   Section        0  fnan2.o(.text)
    .text                                    0x10001820   Section       62  sys_stackheap_outer.o(.text)
    .text                                    0x1000185e   Section        0  exit.o(.text)
    .text                                    0x1000186e   Section        0  retnan.o(.text)
    .text                                    0x100018cc   Section        8  libspace.o(.text)
    .text                                    0x100018d4   Section        0  sys_exit.o(.text)
    .text                                    0x100018e0   Section        2  use_no_semi.o(.text)
    .text                                    0x100018e2   Section        0  indicate_semi.o(.text)
    i.ADC_MEASUREMENT_Init                   0x100018e4   Section        0  adc_measurement.o(i.ADC_MEASUREMENT_Init)
    i.ADC_MEASUREMENT_StartConversion        0x10001a00   Section        0  adc_measurement.o(i.ADC_MEASUREMENT_StartConversion)
    i.CLOCK_XMC1_Init                        0x10001a0e   Section        0  clock_xmc1.o(i.CLOCK_XMC1_Init)
    i.DAVE_Init                              0x10001a38   Section        0  dave.o(i.DAVE_Init)
    i.GLOBAL_ADC_Init                        0x10001a7c   Section        0  global_adc.o(i.GLOBAL_ADC_Init)
    i.GLOBAL_CCU4_Init                       0x10001ab8   Section        0  global_ccu4.o(i.GLOBAL_CCU4_Init)
    i.GLOBAL_SCU_XMC1_Init                   0x10001ae0   Section        0  global_scu_xmc1.o(i.GLOBAL_SCU_XMC1_Init)
    i.GLOBAL_SCU_XMC1_RegisterCallback       0x10001b3e   Section        0  global_scu_xmc1.o(i.GLOBAL_SCU_XMC1_RegisterCallback)
    i.PWM_Init                               0x10001b52   Section        0  pwm.o(i.PWM_Init)
    i.PWM_SetDutyCycle                       0x10001b6c   Section        0  pwm.o(i.PWM_SetDutyCycle)
    i.PWM_Start                              0x10001b8a   Section        0  pwm.o(i.PWM_Start)
    i.PWM_lCCU4_ConfigInterrupts             0x10001b9e   Section        0  pwm.o(i.PWM_lCCU4_ConfigInterrupts)
    i.PWM_lCCU4_Init                         0x10001bdc   Section        0  pwm.o(i.PWM_lCCU4_Init)
    i.PWM_lCCU4_SetDutyCycle                 0x10001c50   Section        0  pwm.o(i.PWM_lCCU4_SetDutyCycle)
    i.PWM_lCCU4_Start                        0x10001c9c   Section        0  pwm.o(i.PWM_lCCU4_Start)
    i.SCU_0_IRQHandler                       0x10001cd0   Section        0  global_scu_xmc1.o(i.SCU_0_IRQHandler)
    i.SCU_1_IRQHandler                       0x10001cda   Section        0  global_scu_xmc1.o(i.SCU_1_IRQHandler)
    i.SCU_2_IRQHandler                       0x10001ce4   Section        0  global_scu_xmc1.o(i.SCU_2_IRQHandler)
    i.SystemCoreClockSetup                   0x10001cf0   Section        0  clock_xmc1_conf.o(i.SystemCoreClockSetup)
    i.SystemCoreClockUpdate                  0x10001d08   Section        0  system_xmc1100.o(i.SystemCoreClockUpdate)
    i.SystemCoreSetup                        0x10001d68   Section        0  cpu_ctrl_xmc1_conf.o(i.SystemCoreSetup)
    i.SystemInit                             0x10001d6a   Section        0  system_xmc1100.o(i.SystemInit)
    i.VADC0_C0_0_IRQHandler                  0x10001d78   Section        0  main.o(i.VADC0_C0_0_IRQHandler)
    i.WATCHDOG_Init                          0x10001dcc   Section        0  watchdog.o(i.WATCHDOG_Init)
    i.WATCHDOG_lPrewarning_Configure         0x10001df2   Section        0  watchdog.o(i.WATCHDOG_lPrewarning_Configure)
    i.Watchdog_Handler                       0x10001e24   Section        0  main.o(i.Watchdog_Handler)
    i.XMC_CCU4_EnableModule                  0x10001e3c   Section        0  xmc_ccu4.o(i.XMC_CCU4_EnableModule)
    i.XMC_CCU4_EnableShadowTransfer          0x10001e58   Section        0  pwm.o(i.XMC_CCU4_EnableShadowTransfer)
    XMC_CCU4_EnableShadowTransfer            0x10001e59   Thumb Code     4  pwm.o(i.XMC_CCU4_EnableShadowTransfer)
    i.XMC_CCU4_Init                          0x10001e5c   Section        0  xmc_ccu4.o(i.XMC_CCU4_Init)
    i.XMC_CCU4_SLICE_CompareInit             0x10001e8a   Section        0  xmc_ccu4.o(i.XMC_CCU4_SLICE_CompareInit)
    i.XMC_CCU4_SLICE_EnableEvent             0x10001eba   Section        0  pwm.o(i.XMC_CCU4_SLICE_EnableEvent)
    XMC_CCU4_SLICE_EnableEvent               0x10001ebb   Thumb Code    16  pwm.o(i.XMC_CCU4_SLICE_EnableEvent)
    i.XMC_CCU4_SLICE_SetInterruptNode        0x10001eca   Section        0  xmc_ccu4.o(i.XMC_CCU4_SLICE_SetInterruptNode)
    i.XMC_CCU4_SLICE_SetTimerCompareMatch    0x10001f22   Section        0  pwm.o(i.XMC_CCU4_SLICE_SetTimerCompareMatch)
    XMC_CCU4_SLICE_SetTimerCompareMatch      0x10001f23   Thumb Code     4  pwm.o(i.XMC_CCU4_SLICE_SetTimerCompareMatch)
    i.XMC_CCU4_SLICE_SetTimerPeriodMatch     0x10001f26   Section        0  pwm.o(i.XMC_CCU4_SLICE_SetTimerPeriodMatch)
    XMC_CCU4_SLICE_SetTimerPeriodMatch       0x10001f27   Thumb Code     4  pwm.o(i.XMC_CCU4_SLICE_SetTimerPeriodMatch)
    i.XMC_GPIO_Init                          0x10001f2c   Section        0  xmc1_gpio.o(i.XMC_GPIO_Init)
    i.XMC_SCU_CLOCK_Init                     0x10001fd0   Section        0  xmc1_scu.o(i.XMC_SCU_CLOCK_Init)
    i.XMC_SCU_CLOCK_ScaleMCLKFrequency       0x10002000   Section        0  xmc1_scu.o(i.XMC_SCU_CLOCK_ScaleMCLKFrequency)
    i.XMC_SCU_CLOCK_UngatePeripheralClock    0x1000208c   Section        0  xmc1_scu.o(i.XMC_SCU_CLOCK_UngatePeripheralClock)
    i.XMC_SCU_CLOCK_lFrequencyDownScaling    0x100020b8   Section        0  xmc1_scu.o(i.XMC_SCU_CLOCK_lFrequencyDownScaling)
    XMC_SCU_CLOCK_lFrequencyDownScaling      0x100020b9   Thumb Code    54  xmc1_scu.o(i.XMC_SCU_CLOCK_lFrequencyDownScaling)
    i.XMC_SCU_CLOCK_lFrequencyUpScaling      0x100020fc   Section        0  xmc1_scu.o(i.XMC_SCU_CLOCK_lFrequencyUpScaling)
    XMC_SCU_CLOCK_lFrequencyUpScaling        0x100020fd   Thumb Code    48  xmc1_scu.o(i.XMC_SCU_CLOCK_lFrequencyUpScaling)
    i.XMC_SCU_INTERRUPT_ClearEventStatus     0x10002138   Section        0  xmc1_scu.o(i.XMC_SCU_INTERRUPT_ClearEventStatus)
    i.XMC_SCU_INTERRUPT_EnableEvent          0x10002148   Section        0  xmc1_scu.o(i.XMC_SCU_INTERRUPT_EnableEvent)
    i.XMC_SCU_INTERRUPT_SetEventHandler      0x10002158   Section        0  xmc1_scu.o(i.XMC_SCU_INTERRUPT_SetEventHandler)
    i.XMC_SCU_INTERUPT_GetEventStatus        0x10002188   Section        0  xmc1_scu.o(i.XMC_SCU_INTERUPT_GetEventStatus)
    i.XMC_SCU_IRQHandler                     0x10002194   Section        0  xmc1_scu.o(i.XMC_SCU_IRQHandler)
    i.XMC_SCU_LockProtectedBits              0x100021e4   Section        0  xmc1_scu.o(i.XMC_SCU_LockProtectedBits)
    i.XMC_SCU_UnlockProtectedBits            0x100021f0   Section        0  xmc1_scu.o(i.XMC_SCU_UnlockProtectedBits)
    i.XMC_VADC_GLOBAL_BackgroundInit         0x1000220c   Section        0  xmc_vadc.o(i.XMC_VADC_GLOBAL_BackgroundInit)
    i.XMC_VADC_GLOBAL_BackgroundTriggerConversion 0x1000222c   Section        0  adc_measurement.o(i.XMC_VADC_GLOBAL_BackgroundTriggerConversion)
    XMC_VADC_GLOBAL_BackgroundTriggerConversion 0x1000222d   Thumb Code    18  adc_measurement.o(i.XMC_VADC_GLOBAL_BackgroundTriggerConversion)
    i.XMC_VADC_GLOBAL_EnableModule           0x1000223e   Section        0  xmc_vadc.o(i.XMC_VADC_GLOBAL_EnableModule)
    i.XMC_VADC_GLOBAL_Init                   0x10002248   Section        0  xmc_vadc.o(i.XMC_VADC_GLOBAL_Init)
    i.XMC_VADC_GLOBAL_InputClassInit         0x10002294   Section        0  xmc_vadc.o(i.XMC_VADC_GLOBAL_InputClassInit)
    i.XMC_VADC_GLOBAL_SetResultEventInterruptNode 0x100022ac   Section        0  xmc_vadc.o(i.XMC_VADC_GLOBAL_SetResultEventInterruptNode)
    i.XMC_VADC_GLOBAL_StartupCalibration     0x100022dc   Section        0  xmc_vadc.o(i.XMC_VADC_GLOBAL_StartupCalibration)
    i.XMC_WDT_Enable                         0x100022fc   Section        0  xmc_wdt.o(i.XMC_WDT_Enable)
    i.XMC_WDT_Init                           0x10002308   Section        0  xmc_wdt.o(i.XMC_WDT_Init)
    i.__ARM_common_switch8                   0x10002324   Section        0  xmc_ccu4.o(i.__ARM_common_switch8)
    i.__NVIC_EnableIRQ                       0x10002340   Section        0  global_scu_xmc1.o(i.__NVIC_EnableIRQ)
    __NVIC_EnableIRQ                         0x10002341   Thumb Code    18  global_scu_xmc1.o(i.__NVIC_EnableIRQ)
    i.__NVIC_SetPriority                     0x10002358   Section        0  adc_measurement.o(i.__NVIC_SetPriority)
    __NVIC_SetPriority                       0x10002359   Thumb Code   110  adc_measurement.o(i.__NVIC_SetPriority)
    i.__NVIC_SetPriority                     0x100023d0   Section        0  global_scu_xmc1.o(i.__NVIC_SetPriority)
    __NVIC_SetPriority                       0x100023d1   Thumb Code   110  global_scu_xmc1.o(i.__NVIC_SetPriority)
    i.main                                   0x10002448   Section        0  main.o(i.main)
    x$fpl$fleqf                              0x10002510   Section       84  flef.o(x$fpl$fleqf)
    x$fpl$frleqf                             0x10002564   Section       88  frlef.o(x$fpl$frleqf)
    .constdata                               0x100025bc   Section       24  adc_measurement_conf.o(.constdata)
    x$fpl$usenofp                            0x100025bc   Section        0  usenofp.o(x$fpl$usenofp)
    .constdata                               0x100025d4   Section       12  clock_xmc1_conf.o(.constdata)
    .constdata                               0x100025e0   Section       20  global_adc_conf.o(.constdata)
    .constdata                               0x100025f4   Section        6  global_scu_xmc1_conf.o(.constdata)
    .constdata                               0x100025fc   Section       16  pwm_conf.o(.constdata)
    .constdata                               0x1000260c   Section      128  ddiv.o(.constdata)
    ddiv_reciptbl                            0x1000260c   Data         128  ddiv.o(.constdata)
    .ARM.__at_0x20000000                     0x20000000   Section      384  startup_xmc1100.o(.ARM.__at_0x20000000)
    .data                                    0x20000180   Section       13  main.o(.data)
    .data                                    0x20000190   Section       44  adc_measurement_conf.o(.data)
    .data                                    0x200001bc   Section        1  clock_xmc1_conf.o(.data)
    .data                                    0x200001c0   Section       20  global_adc_conf.o(.data)
    .data                                    0x200001d4   Section       16  global_ccu4_conf.o(.data)
    .data                                    0x200001e4   Section        8  global_scu_xmc1_conf.o(.data)
    .data                                    0x200001ec   Section       52  pwm_conf.o(.data)
    .data                                    0x20000220   Section       28  watchdog_conf.o(.data)
    .data                                    0x2000023c   Section       12  xmc1_scu.o(.data)
    event_masks                              0x2000023c   Data          12  xmc1_scu.o(.data)
    .data                                    0x20000248   Section        8  system_xmc1100.o(.data)
    IDIV                                     0x20000248   Data           4  system_xmc1100.o(.data)
    FDIV                                     0x2000024c   Data           4  system_xmc1100.o(.data)
    .bss                                     0x20000250   Section      128  xmc1_scu.o(.bss)
    event_handler_list                       0x20000250   Data         128  xmc1_scu.o(.bss)
    .bss                                     0x200002d0   Section       96  libspace.o(.bss)
    HEAP                                     0x20000330   Section      512  startup_xmc1100.o(HEAP)
    Heap_Mem                                 0x20000330   Data         512  startup_xmc1100.o(HEAP)
    STACK                                    0x20000530   Section     1024  startup_xmc1100.o(STACK)
    Stack_Mem                                0x20000530   Data        1024  startup_xmc1100.o(STACK)
    __initial_sp                             0x20000930   Data           0  startup_xmc1100.o(STACK)
    .ARM.__AT_0x20003FFC                     0x20003ffc   Section        4  system_xmc1100.o(.ARM.__AT_0x20003FFC)

    Global Symbols

    Symbol Name                              Value     Ov Type        Size  Object(Section)

    BuildAttributes$$THM_ISAv3M$S$PE$A:L22$X:L11$S22$IEEE1$IW$USESV6$~STKCKD$USESV7$~SHL$OSPACE$ROPI$EBA8$UX$STANDARDLIB$REQ8$PRES8$EABIv2 0x00000000   Number         0  anon$$obj.o ABSOLUTE
    __ARM_use_no_argv                        0x00000000   Number         0  main.o ABSOLUTE
    __ARM_exceptions_init                     - Undefined Weak Reference
    __alloca_initialize                       - Undefined Weak Reference
    __arm_preinit_                            - Undefined Weak Reference
    __cpp_initialize__aeabi_                  - Undefined Weak Reference
    __cxa_finalize                            - Undefined Weak Reference
    __rt_locale                               - Undefined Weak Reference
    __sigvec_lookup                           - Undefined Weak Reference
    _atexit_init                              - Undefined Weak Reference
    _call_atexit_fns                          - Undefined Weak Reference
    _clock_init                               - Undefined Weak Reference
    _fp_trap_init                             - Undefined Weak Reference
    _fp_trap_shutdown                         - Undefined Weak Reference
    _get_lc_collate                           - Undefined Weak Reference
    _get_lc_ctype                             - Undefined Weak Reference
    _get_lc_monetary                          - Undefined Weak Reference
    _get_lc_numeric                           - Undefined Weak Reference
    _get_lc_time                              - Undefined Weak Reference
    _getenv_init                              - Undefined Weak Reference
    _handle_redirection                       - Undefined Weak Reference
    _init_alloc                               - Undefined Weak Reference
    _init_user_alloc                          - Undefined Weak Reference
    _initio                                   - Undefined Weak Reference
    _rand_init                                - Undefined Weak Reference
    _signal_finish                            - Undefined Weak Reference
    _signal_init                              - Undefined Weak Reference
    _terminate_alloc                          - Undefined Weak Reference
    _terminate_user_alloc                     - Undefined Weak Reference
    _terminateio                              - Undefined Weak Reference
    __Vectors_Size                           0x00000018   Number         0  startup_xmc1100.o ABSOLUTE
    __Vectors                                0x10001000   Data           4  startup_xmc1100.o(RESET)
    __Vectors_End                            0x10001018   Data           0  startup_xmc1100.o(RESET)
    __main                                   0x10001019   Thumb Code     8  __main.o(!!!main)
    __scatterload                            0x10001021   Thumb Code     0  __scatter.o(!!!scatter)
    __scatterload_rt2                        0x10001021   Thumb Code    52  __scatter.o(!!!scatter)
    __scatterload_rt2_thumb_only             0x10001021   Thumb Code     0  __scatter.o(!!!scatter)
    __scatterload_null                       0x10001031   Thumb Code     0  __scatter.o(!!!scatter)
    __scatterload_copy                       0x1000105d   Thumb Code    26  __scatter_copy.o(!!handler_copy)
    __scatterload_zeroinit                   0x10001079   Thumb Code    28  __scatter_zi.o(!!handler_zi)
    __rt_lib_init                            0x10001095   Thumb Code     0  libinit.o(.ARM.Collect$$libinit$$00000000)
    __rt_lib_init_alloca_1                   0x10001097   Thumb Code     0  libinit2.o(.ARM.Collect$$libinit$$0000002E)
    __rt_lib_init_argv_1                     0x10001097   Thumb Code     0  libinit2.o(.ARM.Collect$$libinit$$0000002C)
    __rt_lib_init_atexit_1                   0x10001097   Thumb Code     0  libinit2.o(.ARM.Collect$$libinit$$0000001B)
    __rt_lib_init_clock_1                    0x10001097   Thumb Code     0  libinit2.o(.ARM.Collect$$libinit$$00000021)
    __rt_lib_init_cpp_1                      0x10001097   Thumb Code     0  libinit2.o(.ARM.Collect$$libinit$$00000032)
    __rt_lib_init_exceptions_1               0x10001097   Thumb Code     0  libinit2.o(.ARM.Collect$$libinit$$00000030)
    __rt_lib_init_fp_1                       0x10001097   Thumb Code     0  libinit2.o(.ARM.Collect$$libinit$$00000002)
    __rt_lib_init_fp_trap_1                  0x10001097   Thumb Code     0  libinit2.o(.ARM.Collect$$libinit$$0000001F)
    __rt_lib_init_getenv_1                   0x10001097   Thumb Code     0  libinit2.o(.ARM.Collect$$libinit$$00000023)
    __rt_lib_init_heap_1                     0x10001097   Thumb Code     0  libinit2.o(.ARM.Collect$$libinit$$0000000A)
    __rt_lib_init_lc_collate_1               0x10001097   Thumb Code     0  libinit2.o(.ARM.Collect$$libinit$$00000011)
    __rt_lib_init_lc_ctype_1                 0x10001097   Thumb Code     0  libinit2.o(.ARM.Collect$$libinit$$00000013)
    __rt_lib_init_lc_monetary_1              0x10001097   Thumb Code     0  libinit2.o(.ARM.Collect$$libinit$$00000015)
    __rt_lib_init_lc_numeric_1               0x10001097   Thumb Code     0  libinit2.o(.ARM.Collect$$libinit$$00000017)
    __rt_lib_init_lc_time_1                  0x10001097   Thumb Code     0  libinit2.o(.ARM.Collect$$libinit$$00000019)
    __rt_lib_init_preinit_1                  0x10001097   Thumb Code     0  libinit2.o(.ARM.Collect$$libinit$$00000004)
    __rt_lib_init_rand_1                     0x10001097   Thumb Code     0  libinit2.o(.ARM.Collect$$libinit$$0000000E)
    __rt_lib_init_return                     0x10001097   Thumb Code     0  libinit2.o(.ARM.Collect$$libinit$$00000033)
    __rt_lib_init_signal_1                   0x10001097   Thumb Code     0  libinit2.o(.ARM.Collect$$libinit$$0000001D)
    __rt_lib_init_stdio_1                    0x10001097   Thumb Code     0  libinit2.o(.ARM.Collect$$libinit$$00000025)
    __rt_lib_init_user_alloc_1               0x10001097   Thumb Code     0  libinit2.o(.ARM.Collect$$libinit$$0000000C)
    __rt_lib_shutdown                        0x10001099   Thumb Code     0  libshutdown.o(.ARM.Collect$$libshutdown$$00000000)
    __rt_lib_shutdown_cpp_1                  0x1000109b   Thumb Code     0  libshutdown2.o(.ARM.Collect$$libshutdown$$00000002)
    __rt_lib_shutdown_fp_trap_1              0x1000109b   Thumb Code     0  libshutdown2.o(.ARM.Collect$$libshutdown$$00000007)
    __rt_lib_shutdown_heap_1                 0x1000109b   Thumb Code     0  libshutdown2.o(.ARM.Collect$$libshutdown$$0000000F)
    __rt_lib_shutdown_return                 0x1000109b   Thumb Code     0  libshutdown2.o(.ARM.Collect$$libshutdown$$00000010)
    __rt_lib_shutdown_signal_1               0x1000109b   Thumb Code     0  libshutdown2.o(.ARM.Collect$$libshutdown$$0000000A)
    __rt_lib_shutdown_stdio_1                0x1000109b   Thumb Code     0  libshutdown2.o(.ARM.Collect$$libshutdown$$00000004)
    __rt_lib_shutdown_user_alloc_1           0x1000109b   Thumb Code     0  libshutdown2.o(.ARM.Collect$$libshutdown$$0000000C)
    __rt_entry                               0x1000109d   Thumb Code     0  __rtentry.o(.ARM.Collect$$rtentry$$00000000)
    __rt_entry_presh_1                       0x1000109d   Thumb Code     0  __rtentry2.o(.ARM.Collect$$rtentry$$00000002)
    __rt_entry_sh                            0x1000109d   Thumb Code     0  __rtentry4.o(.ARM.Collect$$rtentry$$00000004)
    __rt_entry_li                            0x100010a3   Thumb Code     0  __rtentry2.o(.ARM.Collect$$rtentry$$0000000A)
    __rt_entry_postsh_1                      0x100010a3   Thumb Code     0  __rtentry2.o(.ARM.Collect$$rtentry$$00000009)
    __rt_entry_main                          0x100010a7   Thumb Code     0  __rtentry2.o(.ARM.Collect$$rtentry$$0000000D)
    __rt_entry_postli_1                      0x100010a7   Thumb Code     0  __rtentry2.o(.ARM.Collect$$rtentry$$0000000C)
    __rt_exit                                0x100010af   Thumb Code     0  rtexit.o(.ARM.Collect$$rtexit$$00000000)
    __rt_exit_ls                             0x100010b1   Thumb Code     0  rtexit2.o(.ARM.Collect$$rtexit$$00000003)
    __rt_exit_prels_1                        0x100010b1   Thumb Code     0  rtexit2.o(.ARM.Collect$$rtexit$$00000002)
    __rt_exit_exit                           0x100010b5   Thumb Code     0  rtexit2.o(.ARM.Collect$$rtexit$$00000004)
    Reset_Handler                            0x100010bd   Thumb Code    22  startup_xmc1100.o(.text)
    CCU40_0_IRQHandler                       0x100010d3   Thumb Code     0  startup_xmc1100.o(.text)
    CCU40_1_IRQHandler                       0x100010d3   Thumb Code     0  startup_xmc1100.o(.text)
    CCU40_2_IRQHandler                       0x100010d3   Thumb Code     0  startup_xmc1100.o(.text)
    CCU40_3_IRQHandler                       0x100010d3   Thumb Code     0  startup_xmc1100.o(.text)
    ERU0_0_IRQHandler                        0x100010d3   Thumb Code     0  startup_xmc1100.o(.text)
    ERU0_1_IRQHandler                        0x100010d3   Thumb Code     0  startup_xmc1100.o(.text)
    ERU0_2_IRQHandler                        0x100010d3   Thumb Code     0  startup_xmc1100.o(.text)
    ERU0_3_IRQHandler                        0x100010d3   Thumb Code     0  startup_xmc1100.o(.text)
    HardFault_Handler                        0x100010d3   Thumb Code     0  startup_xmc1100.o(.text)
    PendSV_Handler                           0x100010d3   Thumb Code     0  startup_xmc1100.o(.text)
    SVC_Handler                              0x100010d3   Thumb Code     0  startup_xmc1100.o(.text)
    SysTick_Handler                          0x100010d3   Thumb Code     0  startup_xmc1100.o(.text)
    USIC0_0_IRQHandler                       0x100010d3   Thumb Code     0  startup_xmc1100.o(.text)
    USIC0_1_IRQHandler                       0x100010d3   Thumb Code     0  startup_xmc1100.o(.text)
    USIC0_2_IRQHandler                       0x100010d3   Thumb Code     0  startup_xmc1100.o(.text)
    USIC0_3_IRQHandler                       0x100010d3   Thumb Code     0  startup_xmc1100.o(.text)
    USIC0_4_IRQHandler                       0x100010d3   Thumb Code     0  startup_xmc1100.o(.text)
    USIC0_5_IRQHandler                       0x100010d3   Thumb Code     0  startup_xmc1100.o(.text)
    VADC0_C0_1_IRQHandler                    0x100010d3   Thumb Code     0  startup_xmc1100.o(.text)
    __user_initial_stackheap                 0x100010d5   Thumb Code    10  startup_xmc1100.o(.text)
    __aeabi_uidiv                            0x10001101   Thumb Code     0  aeabi_sdiv.o(.text)
    __aeabi_uidivmod                         0x10001101   Thumb Code    20  aeabi_sdiv.o(.text)
    __aeabi_idiv                             0x10001115   Thumb Code     0  aeabi_sdiv.o(.text)
    __aeabi_idivmod                          0x10001115   Thumb Code   326  aeabi_sdiv.o(.text)
    __use_two_region_memory                  0x1000125b   Thumb Code     2  heapauxi.o(.text)
    __rt_heap_escrow$2region                 0x1000125d   Thumb Code     2  heapauxi.o(.text)
    __rt_heap_expand$2region                 0x1000125f   Thumb Code     2  heapauxi.o(.text)
    __aeabi_d2f                              0x10001261   Thumb Code     0  d2f.o(.text)
    _d2f                                     0x10001261   Thumb Code   120  d2f.o(.text)
    __aeabi_ddiv                             0x100012dd   Thumb Code     0  ddiv.o(.text)
    _ddiv                                    0x100012dd   Thumb Code  1072  ddiv.o(.text)
    _drdiv                                   0x1000170d   Thumb Code    20  ddiv.o(.text)
    __aeabi_i2d_normalise                    0x10001725   Thumb Code    66  dflti.o(.text)
    __aeabi_i2d                              0x10001767   Thumb Code    16  dflti.o(.text)
    _dflt                                    0x10001767   Thumb Code     0  dflti.o(.text)
    __aeabi_ui2d                             0x10001777   Thumb Code     6  dflti.o(.text)
    _dfltu                                   0x10001777   Thumb Code     0  dflti.o(.text)
    __fpl_fcmp_InfNaN                        0x1000177d   Thumb Code    96  fcmpin.o(.text)
    __fpl_cmpreturn                          0x100017e1   Thumb Code    46  cmpret.o(.text)
    __fpl_fcheck_NaN2                        0x10001811   Thumb Code    10  fnan2.o(.text)
    __user_setup_stackheap                   0x10001821   Thumb Code    62  sys_stackheap_outer.o(.text)
    exit                                     0x1000185f   Thumb Code    16  exit.o(.text)
    __fpl_return_NaN                         0x1000186f   Thumb Code    94  retnan.o(.text)
    __user_libspace                          0x100018cd   Thumb Code     8  libspace.o(.text)
    __user_perproc_libspace                  0x100018cd   Thumb Code     0  libspace.o(.text)
    __user_perthread_libspace                0x100018cd   Thumb Code     0  libspace.o(.text)
    _sys_exit                                0x100018d5   Thumb Code     8  sys_exit.o(.text)
    __I$use$semihosting                      0x100018e1   Thumb Code     0  use_no_semi.o(.text)
    __use_no_semihosting_swi                 0x100018e1   Thumb Code     2  use_no_semi.o(.text)
    __semihosting_library_function           0x100018e3   Thumb Code     0  indicate_semi.o(.text)
    ADC_MEASUREMENT_Init                     0x100018e5   Thumb Code   280  adc_measurement.o(i.ADC_MEASUREMENT_Init)
    ADC_MEASUREMENT_StartConversion          0x10001a01   Thumb Code    14  adc_measurement.o(i.ADC_MEASUREMENT_StartConversion)
    CLOCK_XMC1_Init                          0x10001a0f   Thumb Code    40  clock_xmc1.o(i.CLOCK_XMC1_Init)
    DAVE_Init                                0x10001a39   Thumb Code    52  dave.o(i.DAVE_Init)
    GLOBAL_ADC_Init                          0x10001a7d   Thumb Code    60  global_adc.o(i.GLOBAL_ADC_Init)
    GLOBAL_CCU4_Init                         0x10001ab9   Thumb Code    40  global_ccu4.o(i.GLOBAL_CCU4_Init)
    GLOBAL_SCU_XMC1_Init                     0x10001ae1   Thumb Code    94  global_scu_xmc1.o(i.GLOBAL_SCU_XMC1_Init)
    GLOBAL_SCU_XMC1_RegisterCallback         0x10001b3f   Thumb Code    20  global_scu_xmc1.o(i.GLOBAL_SCU_XMC1_RegisterCallback)
    PWM_Init                                 0x10001b53   Thumb Code    26  pwm.o(i.PWM_Init)
    PWM_SetDutyCycle                         0x10001b6d   Thumb Code    30  pwm.o(i.PWM_SetDutyCycle)
    PWM_Start                                0x10001b8b   Thumb Code    20  pwm.o(i.PWM_Start)
    PWM_lCCU4_ConfigInterrupts               0x10001b9f   Thumb Code    62  pwm.o(i.PWM_lCCU4_ConfigInterrupts)
    PWM_lCCU4_Init                           0x10001bdd   Thumb Code   114  pwm.o(i.PWM_lCCU4_Init)
    PWM_lCCU4_SetDutyCycle                   0x10001c51   Thumb Code    72  pwm.o(i.PWM_lCCU4_SetDutyCycle)
    PWM_lCCU4_Start                          0x10001c9d   Thumb Code    52  pwm.o(i.PWM_lCCU4_Start)
    SCU_0_IRQHandler                         0x10001cd1   Thumb Code    10  global_scu_xmc1.o(i.SCU_0_IRQHandler)
    SCU_1_IRQHandler                         0x10001cdb   Thumb Code    10  global_scu_xmc1.o(i.SCU_1_IRQHandler)
    SCU_2_IRQHandler                         0x10001ce5   Thumb Code    10  global_scu_xmc1.o(i.SCU_2_IRQHandler)
    SystemCoreClockSetup                     0x10001cf1   Thumb Code    18  clock_xmc1_conf.o(i.SystemCoreClockSetup)
    SystemCoreClockUpdate                    0x10001d09   Thumb Code    70  system_xmc1100.o(i.SystemCoreClockUpdate)
    SystemCoreSetup                          0x10001d69   Thumb Code     2  cpu_ctrl_xmc1_conf.o(i.SystemCoreSetup)
    SystemInit                               0x10001d6b   Thumb Code    12  system_xmc1100.o(i.SystemInit)
    VADC0_C0_0_IRQHandler                    0x10001d79   Thumb Code    64  main.o(i.VADC0_C0_0_IRQHandler)
    WATCHDOG_Init                            0x10001dcd   Thumb Code    38  watchdog.o(i.WATCHDOG_Init)
    WATCHDOG_lPrewarning_Configure           0x10001df3   Thumb Code    48  watchdog.o(i.WATCHDOG_lPrewarning_Configure)
    Watchdog_Handler                         0x10001e25   Thumb Code    16  main.o(i.Watchdog_Handler)
    XMC_CCU4_EnableModule                    0x10001e3d   Thumb Code    22  xmc_ccu4.o(i.XMC_CCU4_EnableModule)
    XMC_CCU4_Init                            0x10001e5d   Thumb Code    46  xmc_ccu4.o(i.XMC_CCU4_Init)
    XMC_CCU4_SLICE_CompareInit               0x10001e8b   Thumb Code    48  xmc_ccu4.o(i.XMC_CCU4_SLICE_CompareInit)
    XMC_CCU4_SLICE_SetInterruptNode          0x10001ecb   Thumb Code    88  xmc_ccu4.o(i.XMC_CCU4_SLICE_SetInterruptNode)
    XMC_GPIO_Init                            0x10001f2d   Thumb Code   158  xmc1_gpio.o(i.XMC_GPIO_Init)
    XMC_SCU_CLOCK_Init                       0x10001fd1   Thumb Code    44  xmc1_scu.o(i.XMC_SCU_CLOCK_Init)
    XMC_SCU_CLOCK_ScaleMCLKFrequency         0x10002001   Thumb Code   124  xmc1_scu.o(i.XMC_SCU_CLOCK_ScaleMCLKFrequency)
    XMC_SCU_CLOCK_UngatePeripheralClock      0x1000208d   Thumb Code    40  xmc1_scu.o(i.XMC_SCU_CLOCK_UngatePeripheralClock)
    XMC_SCU_INTERRUPT_ClearEventStatus       0x10002139   Thumb Code    12  xmc1_scu.o(i.XMC_SCU_INTERRUPT_ClearEventStatus)
    XMC_SCU_INTERRUPT_EnableEvent            0x10002149   Thumb Code    12  xmc1_scu.o(i.XMC_SCU_INTERRUPT_EnableEvent)
    XMC_SCU_INTERRUPT_SetEventHandler        0x10002159   Thumb Code    44  xmc1_scu.o(i.XMC_SCU_INTERRUPT_SetEventHandler)
    XMC_SCU_INTERUPT_GetEventStatus          0x10002189   Thumb Code     6  xmc1_scu.o(i.XMC_SCU_INTERUPT_GetEventStatus)
    XMC_SCU_IRQHandler                       0x10002195   Thumb Code    72  xmc1_scu.o(i.XMC_SCU_IRQHandler)
    XMC_SCU_LockProtectedBits                0x100021e5   Thumb Code     8  xmc1_scu.o(i.XMC_SCU_LockProtectedBits)
    XMC_SCU_UnlockProtectedBits              0x100021f1   Thumb Code    22  xmc1_scu.o(i.XMC_SCU_UnlockProtectedBits)
    XMC_VADC_GLOBAL_BackgroundInit           0x1000220d   Thumb Code    26  xmc_vadc.o(i.XMC_VADC_GLOBAL_BackgroundInit)
    XMC_VADC_GLOBAL_EnableModule             0x1000223f   Thumb Code    10  xmc_vadc.o(i.XMC_VADC_GLOBAL_EnableModule)
    XMC_VADC_GLOBAL_Init                     0x10002249   Thumb Code    68  xmc_vadc.o(i.XMC_VADC_GLOBAL_Init)
    XMC_VADC_GLOBAL_InputClassInit           0x10002295   Thumb Code    18  xmc_vadc.o(i.XMC_VADC_GLOBAL_InputClassInit)
    XMC_VADC_GLOBAL_SetResultEventInterruptNode 0x100022ad   Thumb Code    46  xmc_vadc.o(i.XMC_VADC_GLOBAL_SetResultEventInterruptNode)
    XMC_VADC_GLOBAL_StartupCalibration       0x100022dd   Thumb Code    28  xmc_vadc.o(i.XMC_VADC_GLOBAL_StartupCalibration)
    XMC_WDT_Enable                           0x100022fd   Thumb Code    12  xmc_wdt.o(i.XMC_WDT_Enable)
    XMC_WDT_Init                             0x10002309   Thumb Code    24  xmc_wdt.o(i.XMC_WDT_Init)
    __ARM_common_switch8                     0x10002325   Thumb Code    28  xmc_ccu4.o(i.__ARM_common_switch8)
    main                                     0x10002449   Thumb Code   154  main.o(i.main)
    __aeabi_cfcmple                          0x10002511   Thumb Code     0  flef.o(x$fpl$fleqf)
    _fcmple                                  0x10002511   Thumb Code    78  flef.o(x$fpl$fleqf)
    __aeabi_cfrcmple                         0x10002565   Thumb Code     0  frlef.o(x$fpl$frleqf)
    _frcmple                                 0x10002565   Thumb Code    84  frlef.o(x$fpl$frleqf)
    __I$use$fp                               0x100025bc   Number         0  usenofp.o(x$fpl$usenofp)
    global_iclass_config                     0x100025bc   Data           4  adc_measurement_conf.o(.constdata)
    global_result_intr_handle                0x100025c0   Data           8  adc_measurement_conf.o(.constdata)
    backgnd_config                           0x100025c8   Data          12  adc_measurement_conf.o(.constdata)
    global_config                            0x100025e0   Data          20  global_adc_conf.o(.constdata)
    GLOBAL_SCU_XMC1_0_config                 0x100025f4   Data           6  global_scu_xmc1_conf.o(.constdata)
    LED_compare_config                       0x100025fc   Data           8  pwm_conf.o(.constdata)
    LED_gpio_out_config                      0x10002604   Data           8  pwm_conf.o(.constdata)
    Region$$Table$$Base                      0x1000268c   Number         0  anon$$obj.o(Region$$Table)
    Region$$Table$$Limit                     0x100026ac   Number         0  anon$$obj.o(Region$$Table)
    result                                   0x20000180   Data           4  main.o(.data)
    valvePosition                            0x20000184   Data           4  main.o(.data)
    range                                    0x20000188   Data           4  main.o(.data)
    currentVal                               0x2000018c   Data           1  main.o(.data)
    ADC_MEASUREMENT_Preasure0_handle         0x20000190   Data           2  adc_measurement_conf.o(.data)
    global_res_config                        0x20000194   Data           4  adc_measurement_conf.o(.data)
    ADC_MEASUREMENT_channel_array            0x20000198   Data           8  adc_measurement_conf.o(.data)
    ADCMEASURE                               0x200001a0   Data          28  adc_measurement_conf.o(.data)
    CLOCK_XMC1_0                             0x200001bc   Data           1  clock_xmc1_conf.o(.data)
    GLOBAL_ADC_0                             0x200001c0   Data          20  global_adc_conf.o(.data)
    GLOBAL_CCU4_0                            0x200001d4   Data          16  global_ccu4_conf.o(.data)
    GLOBAL_SCU_XMC1_0                        0x200001e4   Data           8  global_scu_xmc1_conf.o(.data)
    LED                                      0x200001ec   Data          52  pwm_conf.o(.data)
    WATCHDOG_0_Config                        0x20000220   Data          12  watchdog_conf.o(.data)
    WATCHDOG_0                               0x2000022c   Data          16  watchdog_conf.o(.data)
    __libspace_start                         0x200002d0   Data          96  libspace.o(.bss)
    __temporary_stack_top$libspace           0x20000330   Data           0  libspace.o(.bss)
    SystemCoreClock                          0x20003ffc   Data           4  system_xmc1100.o(.ARM.__AT_0x20003FFC)



==============================================================================

Memory Map of the image

  Image Entry point : 0x100010bd

  Load Region LR_1 (Base: 0x10001000, Size: 0x000018fc, Max: 0xffffffff, ABSOLUTE)

    Execution Region ER_RO (Exec base: 0x10001000, Load base: 0x10001000, Size: 0x000016ac, Max: 0xffffffff, ABSOLUTE)

    Exec Addr    Load Addr    Size         Type   Attr      Idx    E Section Name        Object

    0x10001000   0x10001000   0x00000018   Data   RO         2734    RESET               startup_xmc1100.o
    0x10001018   0x10001018   0x00000008   Code   RO         2795  * !!!main             c_p.l(__main.o)
    0x10001020   0x10001020   0x0000003c   Code   RO         2984    !!!scatter          c_p.l(__scatter.o)
    0x1000105c   0x1000105c   0x0000001a   Code   RO         2986    !!handler_copy      c_p.l(__scatter_copy.o)
    0x10001076   0x10001076   0x00000002   PAD
    0x10001078   0x10001078   0x0000001c   Code   RO         2988    !!handler_zi        c_p.l(__scatter_zi.o)
    0x10001094   0x10001094   0x00000002   Code   RO         2851    .ARM.Collect$$libinit$$00000000  c_p.l(libinit.o)
    0x10001096   0x10001096   0x00000000   Code   RO         2867    .ARM.Collect$$libinit$$00000002  c_p.l(libinit2.o)
    0x10001096   0x10001096   0x00000000   Code   RO         2869    .ARM.Collect$$libinit$$00000004  c_p.l(libinit2.o)
    0x10001096   0x10001096   0x00000000   Code   RO         2872    .ARM.Collect$$libinit$$0000000A  c_p.l(libinit2.o)
    0x10001096   0x10001096   0x00000000   Code   RO         2874    .ARM.Collect$$libinit$$0000000C  c_p.l(libinit2.o)
    0x10001096   0x10001096   0x00000000   Code   RO         2876    .ARM.Collect$$libinit$$0000000E  c_p.l(libinit2.o)
    0x10001096   0x10001096   0x00000000   Code   RO         2879    .ARM.Collect$$libinit$$00000011  c_p.l(libinit2.o)
    0x10001096   0x10001096   0x00000000   Code   RO         2881    .ARM.Collect$$libinit$$00000013  c_p.l(libinit2.o)
    0x10001096   0x10001096   0x00000000   Code   RO         2883    .ARM.Collect$$libinit$$00000015  c_p.l(libinit2.o)
    0x10001096   0x10001096   0x00000000   Code   RO         2885    .ARM.Collect$$libinit$$00000017  c_p.l(libinit2.o)
    0x10001096   0x10001096   0x00000000   Code   RO         2887    .ARM.Collect$$libinit$$00000019  c_p.l(libinit2.o)
    0x10001096   0x10001096   0x00000000   Code   RO         2889    .ARM.Collect$$libinit$$0000001B  c_p.l(libinit2.o)
    0x10001096   0x10001096   0x00000000   Code   RO         2891    .ARM.Collect$$libinit$$0000001D  c_p.l(libinit2.o)
    0x10001096   0x10001096   0x00000000   Code   RO         2893    .ARM.Collect$$libinit$$0000001F  c_p.l(libinit2.o)
    0x10001096   0x10001096   0x00000000   Code   RO         2895    .ARM.Collect$$libinit$$00000021  c_p.l(libinit2.o)
    0x10001096   0x10001096   0x00000000   Code   RO         2897    .ARM.Collect$$libinit$$00000023  c_p.l(libinit2.o)
    0x10001096   0x10001096   0x00000000   Code   RO         2899    .ARM.Collect$$libinit$$00000025  c_p.l(libinit2.o)
    0x10001096   0x10001096   0x00000000   Code   RO         2903    .ARM.Collect$$libinit$$0000002C  c_p.l(libinit2.o)
    0x10001096   0x10001096   0x00000000   Code   RO         2905    .ARM.Collect$$libinit$$0000002E  c_p.l(libinit2.o)
    0x10001096   0x10001096   0x00000000   Code   RO         2907    .ARM.Collect$$libinit$$00000030  c_p.l(libinit2.o)
    0x10001096   0x10001096   0x00000000   Code   RO         2909    .ARM.Collect$$libinit$$00000032  c_p.l(libinit2.o)
    0x10001096   0x10001096   0x00000002   Code   RO         2910    .ARM.Collect$$libinit$$00000033  c_p.l(libinit2.o)
    0x10001098   0x10001098   0x00000002   Code   RO         2941    .ARM.Collect$$libshutdown$$00000000  c_p.l(libshutdown.o)
    0x1000109a   0x1000109a   0x00000000   Code   RO         2967    .ARM.Collect$$libshutdown$$00000002  c_p.l(libshutdown2.o)
    0x1000109a   0x1000109a   0x00000000   Code   RO         2969    .ARM.Collect$$libshutdown$$00000004  c_p.l(libshutdown2.o)
    0x1000109a   0x1000109a   0x00000000   Code   RO         2972    .ARM.Collect$$libshutdown$$00000007  c_p.l(libshutdown2.o)
    0x1000109a   0x1000109a   0x00000000   Code   RO         2975    .ARM.Collect$$libshutdown$$0000000A  c_p.l(libshutdown2.o)
    0x1000109a   0x1000109a   0x00000000   Code   RO         2977    .ARM.Collect$$libshutdown$$0000000C  c_p.l(libshutdown2.o)
    0x1000109a   0x1000109a   0x00000000   Code   RO         2980    .ARM.Collect$$libshutdown$$0000000F  c_p.l(libshutdown2.o)
    0x1000109a   0x1000109a   0x00000002   Code   RO         2981    .ARM.Collect$$libshutdown$$00000010  c_p.l(libshutdown2.o)
    0x1000109c   0x1000109c   0x00000000   Code   RO         2808    .ARM.Collect$$rtentry$$00000000  c_p.l(__rtentry.o)
    0x1000109c   0x1000109c   0x00000000   Code   RO         2817    .ARM.Collect$$rtentry$$00000002  c_p.l(__rtentry2.o)
    0x1000109c   0x1000109c   0x00000006   Code   RO         2829    .ARM.Collect$$rtentry$$00000004  c_p.l(__rtentry4.o)
    0x100010a2   0x100010a2   0x00000000   Code   RO         2819    .ARM.Collect$$rtentry$$00000009  c_p.l(__rtentry2.o)
    0x100010a2   0x100010a2   0x00000004   Code   RO         2820    .ARM.Collect$$rtentry$$0000000A  c_p.l(__rtentry2.o)
    0x100010a6   0x100010a6   0x00000000   Code   RO         2822    .ARM.Collect$$rtentry$$0000000C  c_p.l(__rtentry2.o)
    0x100010a6   0x100010a6   0x00000008   Code   RO         2823    .ARM.Collect$$rtentry$$0000000D  c_p.l(__rtentry2.o)
    0x100010ae   0x100010ae   0x00000002   Code   RO         2858    .ARM.Collect$$rtexit$$00000000  c_p.l(rtexit.o)
    0x100010b0   0x100010b0   0x00000000   Code   RO         2914    .ARM.Collect$$rtexit$$00000002  c_p.l(rtexit2.o)
    0x100010b0   0x100010b0   0x00000004   Code   RO         2915    .ARM.Collect$$rtexit$$00000003  c_p.l(rtexit2.o)
    0x100010b4   0x100010b4   0x00000006   Code   RO         2916    .ARM.Collect$$rtexit$$00000004  c_p.l(rtexit2.o)
    0x100010ba   0x100010ba   0x00000002   PAD
    0x100010bc   0x100010bc   0x00000044   Code   RO         2735  * .text               startup_xmc1100.o
    0x10001100   0x10001100   0x0000015a   Code   RO         2789    .text               c_p.l(aeabi_sdiv.o)
    0x1000125a   0x1000125a   0x00000006   Code   RO         2793    .text               c_p.l(heapauxi.o)
    0x10001260   0x10001260   0x0000007c   Code   RO         2797    .text               fz_ps.l(d2f.o)
    0x100012dc   0x100012dc   0x00000448   Code   RO         2799    .text               fz_ps.l(ddiv.o)
    0x10001724   0x10001724   0x00000058   Code   RO         2802    .text               fz_ps.l(dflti.o)
    0x1000177c   0x1000177c   0x00000064   Code   RO         2813    .text               fz_ps.l(fcmpin.o)
    0x100017e0   0x100017e0   0x0000002e   Code   RO         2833    .text               fz_ps.l(cmpret.o)
    0x1000180e   0x1000180e   0x00000002   PAD
    0x10001810   0x10001810   0x00000010   Code   RO         2835    .text               fz_ps.l(fnan2.o)
    0x10001820   0x10001820   0x0000003e   Code   RO         2837    .text               c_p.l(sys_stackheap_outer.o)
    0x1000185e   0x1000185e   0x00000010   Code   RO         2840    .text               c_p.l(exit.o)
    0x1000186e   0x1000186e   0x0000005e   Code   RO         2852    .text               fz_ps.l(retnan.o)
    0x100018cc   0x100018cc   0x00000008   Code   RO         2854    .text               c_p.l(libspace.o)
    0x100018d4   0x100018d4   0x0000000c   Code   RO         2911    .text               c_p.l(sys_exit.o)
    0x100018e0   0x100018e0   0x00000002   Code   RO         2930    .text               c_p.l(use_no_semi.o)
    0x100018e2   0x100018e2   0x00000000   Code   RO         2932    .text               c_p.l(indicate_semi.o)
    0x100018e2   0x100018e2   0x00000002   PAD
    0x100018e4   0x100018e4   0x0000011c   Code   RO          197    i.ADC_MEASUREMENT_Init  adc_measurement.o
    0x10001a00   0x10001a00   0x0000000e   Code   RO          198    i.ADC_MEASUREMENT_StartConversion  adc_measurement.o
    0x10001a0e   0x10001a0e   0x00000028   Code   RO          306    i.CLOCK_XMC1_Init   clock_xmc1.o
    0x10001a36   0x10001a36   0x00000002   PAD
    0x10001a38   0x10001a38   0x00000044   Code   RO          436    i.DAVE_Init         dave.o
    0x10001a7c   0x10001a7c   0x0000003c   Code   RO          543    i.GLOBAL_ADC_Init   global_adc.o
    0x10001ab8   0x10001ab8   0x00000028   Code   RO          606    i.GLOBAL_CCU4_Init  global_ccu4.o
    0x10001ae0   0x10001ae0   0x0000005e   Code   RO          668    i.GLOBAL_SCU_XMC1_Init  global_scu_xmc1.o
    0x10001b3e   0x10001b3e   0x00000014   Code   RO          669    i.GLOBAL_SCU_XMC1_RegisterCallback  global_scu_xmc1.o
    0x10001b52   0x10001b52   0x0000001a   Code   RO          765    i.PWM_Init          pwm.o
    0x10001b6c   0x10001b6c   0x0000001e   Code   RO          766    i.PWM_SetDutyCycle  pwm.o
    0x10001b8a   0x10001b8a   0x00000014   Code   RO          771    i.PWM_Start         pwm.o
    0x10001b9e   0x10001b9e   0x0000003e   Code   RO          773    i.PWM_lCCU4_ConfigInterrupts  pwm.o
    0x10001bdc   0x10001bdc   0x00000072   Code   RO          774    i.PWM_lCCU4_Init    pwm.o
    0x10001c4e   0x10001c4e   0x00000002   PAD
    0x10001c50   0x10001c50   0x0000004c   Code   RO          775    i.PWM_lCCU4_SetDutyCycle  pwm.o
    0x10001c9c   0x10001c9c   0x00000034   Code   RO          778    i.PWM_lCCU4_Start   pwm.o
    0x10001cd0   0x10001cd0   0x0000000a   Code   RO          670    i.SCU_0_IRQHandler  global_scu_xmc1.o
    0x10001cda   0x10001cda   0x0000000a   Code   RO          671    i.SCU_1_IRQHandler  global_scu_xmc1.o
    0x10001ce4   0x10001ce4   0x0000000a   Code   RO          672    i.SCU_2_IRQHandler  global_scu_xmc1.o
    0x10001cee   0x10001cee   0x00000002   PAD
    0x10001cf0   0x10001cf0   0x00000018   Code   RO          347    i.SystemCoreClockSetup  clock_xmc1_conf.o
    0x10001d08   0x10001d08   0x00000060   Code   RO         2745    i.SystemCoreClockUpdate  system_xmc1100.o
    0x10001d68   0x10001d68   0x00000002   Code   RO          410    i.SystemCoreSetup   cpu_ctrl_xmc1_conf.o
    0x10001d6a   0x10001d6a   0x0000000c   Code   RO         2747    i.SystemInit        system_xmc1100.o
    0x10001d76   0x10001d76   0x00000002   PAD
    0x10001d78   0x10001d78   0x00000054   Code   RO            3    i.VADC0_C0_0_IRQHandler  main.o
    0x10001dcc   0x10001dcc   0x00000026   Code   RO          954    i.WATCHDOG_Init     watchdog.o
    0x10001df2   0x10001df2   0x00000030   Code   RO          955    i.WATCHDOG_lPrewarning_Configure  watchdog.o
    0x10001e22   0x10001e22   0x00000002   PAD
    0x10001e24   0x10001e24   0x00000018   Code   RO            4    i.Watchdog_Handler  main.o
    0x10001e3c   0x10001e3c   0x0000001c   Code   RO         1517    i.XMC_CCU4_EnableModule  xmc_ccu4.o
    0x10001e58   0x10001e58   0x00000004   Code   RO          780    i.XMC_CCU4_EnableShadowTransfer  pwm.o
    0x10001e5c   0x10001e5c   0x0000002e   Code   RO         1518    i.XMC_CCU4_Init     xmc_ccu4.o
    0x10001e8a   0x10001e8a   0x00000030   Code   RO         1522    i.XMC_CCU4_SLICE_CompareInit  xmc_ccu4.o
    0x10001eba   0x10001eba   0x00000010   Code   RO          781    i.XMC_CCU4_SLICE_EnableEvent  pwm.o
    0x10001eca   0x10001eca   0x00000058   Code   RO         1535    i.XMC_CCU4_SLICE_SetInterruptNode  xmc_ccu4.o
    0x10001f22   0x10001f22   0x00000004   Code   RO          782    i.XMC_CCU4_SLICE_SetTimerCompareMatch  pwm.o
    0x10001f26   0x10001f26   0x00000004   Code   RO          783    i.XMC_CCU4_SLICE_SetTimerPeriodMatch  pwm.o
    0x10001f2a   0x10001f2a   0x00000002   PAD
    0x10001f2c   0x10001f2c   0x000000a4   Code   RO         1147    i.XMC_GPIO_Init     xmc1_gpio.o
    0x10001fd0   0x10001fd0   0x00000030   Code   RO         1251    i.XMC_SCU_CLOCK_Init  xmc1_scu.o
    0x10002000   0x10002000   0x0000008c   Code   RO         1253    i.XMC_SCU_CLOCK_ScaleMCLKFrequency  xmc1_scu.o
    0x1000208c   0x1000208c   0x0000002c   Code   RO         1257    i.XMC_SCU_CLOCK_UngatePeripheralClock  xmc1_scu.o
    0x100020b8   0x100020b8   0x00000044   Code   RO         1258    i.XMC_SCU_CLOCK_lFrequencyDownScaling  xmc1_scu.o
    0x100020fc   0x100020fc   0x0000003c   Code   RO         1259    i.XMC_SCU_CLOCK_lFrequencyUpScaling  xmc1_scu.o
    0x10002138   0x10002138   0x00000010   Code   RO         1264    i.XMC_SCU_INTERRUPT_ClearEventStatus  xmc1_scu.o
    0x10002148   0x10002148   0x00000010   Code   RO         1266    i.XMC_SCU_INTERRUPT_EnableEvent  xmc1_scu.o
    0x10002158   0x10002158   0x00000030   Code   RO         1267    i.XMC_SCU_INTERRUPT_SetEventHandler  xmc1_scu.o
    0x10002188   0x10002188   0x0000000c   Code   RO         1269    i.XMC_SCU_INTERUPT_GetEventStatus  xmc1_scu.o
    0x10002194   0x10002194   0x00000050   Code   RO         1270    i.XMC_SCU_IRQHandler  xmc1_scu.o
    0x100021e4   0x100021e4   0x0000000c   Code   RO         1271    i.XMC_SCU_LockProtectedBits  xmc1_scu.o
    0x100021f0   0x100021f0   0x0000001c   Code   RO         1280    i.XMC_SCU_UnlockProtectedBits  xmc1_scu.o
    0x1000220c   0x1000220c   0x00000020   Code   RO         2582    i.XMC_VADC_GLOBAL_BackgroundInit  xmc_vadc.o
    0x1000222c   0x1000222c   0x00000012   Code   RO          199    i.XMC_VADC_GLOBAL_BackgroundTriggerConversion  adc_measurement.o
    0x1000223e   0x1000223e   0x0000000a   Code   RO         2588    i.XMC_VADC_GLOBAL_EnableModule  xmc_vadc.o
    0x10002248   0x10002248   0x0000004c   Code   RO         2590    i.XMC_VADC_GLOBAL_Init  xmc_vadc.o
    0x10002294   0x10002294   0x00000018   Code   RO         2591    i.XMC_VADC_GLOBAL_InputClassInit  xmc_vadc.o
    0x100022ac   0x100022ac   0x0000002e   Code   RO         2596    i.XMC_VADC_GLOBAL_SetResultEventInterruptNode  xmc_vadc.o
    0x100022da   0x100022da   0x00000002   PAD
    0x100022dc   0x100022dc   0x00000020   Code   RO         2597    i.XMC_VADC_GLOBAL_StartupCalibration  xmc_vadc.o
    0x100022fc   0x100022fc   0x0000000c   Code   RO         2703    i.XMC_WDT_Enable    xmc_wdt.o
    0x10002308   0x10002308   0x0000001c   Code   RO         2704    i.XMC_WDT_Init      xmc_wdt.o
    0x10002324   0x10002324   0x0000001c   Code   RO         1705    i.__ARM_common_switch8  xmc_ccu4.o
    0x10002340   0x10002340   0x00000018   Code   RO          673    i.__NVIC_EnableIRQ  global_scu_xmc1.o
    0x10002358   0x10002358   0x00000078   Code   RO          200    i.__NVIC_SetPriority  adc_measurement.o
    0x100023d0   0x100023d0   0x00000078   Code   RO          674    i.__NVIC_SetPriority  global_scu_xmc1.o
    0x10002448   0x10002448   0x000000c8   Code   RO            5    i.main              main.o
    0x10002510   0x10002510   0x00000054   Code   RO         2804    x$fpl$fleqf         fz_ps.l(flef.o)
    0x10002564   0x10002564   0x00000058   Code   RO         2806    x$fpl$frleqf        fz_ps.l(frlef.o)
    0x100025bc   0x100025bc   0x00000000   Code   RO         2815    x$fpl$usenofp       fz_ps.l(usenofp.o)
    0x100025bc   0x100025bc   0x00000018   Data   RO          271    .constdata          adc_measurement_conf.o
    0x100025d4   0x100025d4   0x0000000c   Data   RO          348    .constdata          clock_xmc1_conf.o
    0x100025e0   0x100025e0   0x00000014   Data   RO          581    .constdata          global_adc_conf.o
    0x100025f4   0x100025f4   0x00000006   Data   RO          740    .constdata          global_scu_xmc1_conf.o
    0x100025fa   0x100025fa   0x00000002   PAD
    0x100025fc   0x100025fc   0x00000010   Data   RO          929    .constdata          pwm_conf.o
    0x1000260c   0x1000260c   0x00000080   Data   RO         2800    .constdata          fz_ps.l(ddiv.o)
    0x1000268c   0x1000268c   0x00000020   Data   RO         2982    Region$$Table       anon$$obj.o


    Execution Region ER_RW (Exec base: 0x20000000, Load base: 0x100026ac, Size: 0x00000250, Max: 0xffffffff, ABSOLUTE)

    Exec Addr    Load Addr    Size         Type   Attr      Idx    E Section Name        Object

    0x20000000   0x100026ac   0x00000180   Code   RW         2736    .ARM.__at_0x20000000  startup_xmc1100.o
    0x20000180   0x1000282c   0x0000000d   Data   RW            6    .data               main.o
    0x2000018d   0x10002839   0x00000003   PAD
    0x20000190   0x1000283c   0x0000002c   Data   RW          272    .data               adc_measurement_conf.o
    0x200001bc   0x10002868   0x00000001   Data   RW          349    .data               clock_xmc1_conf.o
    0x200001bd   0x10002869   0x00000003   PAD
    0x200001c0   0x1000286c   0x00000014   Data   RW          582    .data               global_adc_conf.o
    0x200001d4   0x10002880   0x00000010   Data   RW          644    .data               global_ccu4_conf.o
    0x200001e4   0x10002890   0x00000008   Data   RW          741    .data               global_scu_xmc1_conf.o
    0x200001ec   0x10002898   0x00000034   Data   RW          930    .data               pwm_conf.o
    0x20000220   0x100028cc   0x0000001c   Data   RW          995    .data               watchdog_conf.o
    0x2000023c   0x100028e8   0x0000000c   Data   RW         1282    .data               xmc1_scu.o
    0x20000248   0x100028f4   0x00000008   Data   RW         2749    .data               system_xmc1100.o


    Execution Region ER_ZI (Exec base: 0x20000250, Load base: 0x100028fc, Size: 0x000006e0, Max: 0xffffffff, ABSOLUTE)

    Exec Addr    Load Addr    Size         Type   Attr      Idx    E Section Name        Object

    0x20000250        -       0x00000080   Zero   RW         1281    .bss                xmc1_scu.o
    0x200002d0        -       0x00000060   Zero   RW         2855    .bss                c_p.l(libspace.o)
    0x20000330        -       0x00000200   Zero   RW         2733    HEAP                startup_xmc1100.o
    0x20000530        -       0x00000400   Zero   RW         2732    STACK               startup_xmc1100.o



  Load Region LR$$.ARM.__AT_0x20003FFC (Base: 0x20003ffc, Size: 0x00000000, Max: 0x00000004, ABSOLUTE)

    Execution Region ER$$.ARM.__AT_0x20003FFC (Exec base: 0x20003ffc, Load base: 0x20003ffc, Size: 0x00000004, Max: 0x00000004, ABSOLUTE, UNINIT)

    Exec Addr    Load Addr    Size         Type   Attr      Idx    E Section Name        Object

    0x20003ffc        -       0x00000004   Zero   RW         2748    .ARM.__AT_0x20003FFC  system_xmc1100.o


==============================================================================

Image component sizes


      Code (inc. data)   RO Data    RW Data    ZI Data      Debug   Object Name

       436         14          0          0          0      27593   adc_measurement.o
         0          0         24         44          0      18320   adc_measurement_conf.o
        40          0          0          0          0       1874   clock_xmc1.o
        24          6         12          1          0       1246   clock_xmc1_conf.o
         2          0          0          0          0        506   cpu_ctrl_xmc1_conf.o
        68         16          0          0          0       2480   dave.o
        60          0          0          0          0      16846   global_adc.o
         0          0         20         20          0       1589   global_adc_conf.o
        40          0          0          0          0      13295   global_ccu4.o
         0          0          0         16          0       1200   global_ccu4_conf.o
       288         16          0          0          0      14139   global_scu_xmc1.o
         0          0          6          8          0        329   global_scu_xmc1_conf.o
       308         74          0         13          0     156382   main.o
       408          4          0          0          0      20903   pwm.o
         0          0         16         52          0       2577   pwm_conf.o
       452        226         24          0       1536        848   startup_xmc1100.o
       108         26          0          8          4       1263   system_xmc1100.o
        86          0          0          0          0       2757   watchdog.o
         0          0          0         28          0        287   watchdog_conf.o
       164          6          0          0          0       1148   xmc1_gpio.o
       572         86          0         12        128       8584   xmc1_scu.o
       238         18          0          0          0      16735   xmc_ccu4.o
       220         24          0          0          0       4199   xmc_vadc.o
        40          4          0          0          0       1432   xmc_wdt.o

    ----------------------------------------------------------------------
      3568        520        136        208       1668     316532   Object Totals
         0          0         32          0          0          0   (incl. Generated)
        14          0          2          6          0          0   (incl. Padding)

    ----------------------------------------------------------------------

      Code (inc. data)   RO Data    RW Data    ZI Data      Debug   Library Member Name

         8          0          0          0          0         68   __main.o
         0          0          0          0          0          0   __rtentry.o
        12          0          0          0          0          0   __rtentry2.o
         6          0          0          0          0          0   __rtentry4.o
        60          8          0          0          0          0   __scatter.o
        26          0          0          0          0          0   __scatter_copy.o
        28          0          0          0          0          0   __scatter_zi.o
       346          0          0          0          0         92   aeabi_sdiv.o
        16          0          0          0          0         68   exit.o
         6          0          0          0          0        136   heapauxi.o
         0          0          0          0          0          0   indicate_semi.o
         2          0          0          0          0          0   libinit.o
         2          0          0          0          0          0   libinit2.o
         2          0          0          0          0          0   libshutdown.o
         2          0          0          0          0          0   libshutdown2.o
         8          4          0          0         96         68   libspace.o
         2          0          0          0          0          0   rtexit.o
        10          0          0          0          0          0   rtexit2.o
        12          4          0          0          0         60   sys_exit.o
        62          0          0          0          0         80   sys_stackheap_outer.o
         2          0          0          0          0         68   use_no_semi.o
        46          0          0          0          0         60   cmpret.o
       124          4          0          0          0         72   d2f.o
      1096         26        128          0          0        112   ddiv.o
        88          0          0          0          0         92   dflti.o
       100          4          0          0          0         68   fcmpin.o
        84          4          0          0          0         76   flef.o
        16          6          0          0          0         68   fnan2.o
        88          4          0          0          0         76   frlef.o
        94          0          0          0          0         68   retnan.o
         0          0          0          0          0          0   usenofp.o

    ----------------------------------------------------------------------
      2356         64        128          0         96       1332   Library Totals
         8          0          0          0          0          0   (incl. Padding)

    ----------------------------------------------------------------------

      Code (inc. data)   RO Data    RW Data    ZI Data      Debug   Library Name

       612         16          0          0         96        640   c_p.l
      1736         48        128          0          0        692   fz_ps.l

    ----------------------------------------------------------------------
      2356         64        128          0         96       1332   Library Totals

    ----------------------------------------------------------------------

==============================================================================


      Code (inc. data)   RO Data    RW Data    ZI Data      Debug   

      5924        584        264        208       1764     314756   Grand Totals
      5924        584        264        208       1764     314756   ELF Image Totals
      5924        584        264        208          0          0   ROM Totals

==============================================================================

    Total RO  Size (Code + RO Data)                 6188 (   6.04kB)
    Total RW  Size (RW Data + ZI Data)              1972 (   1.93kB)
    Total ROM Size (Code + RO Data + RW Data)       6396 (   6.25kB)

==============================================================================

